// Vitest Snapshot v1, https://vitest.dev/guide/snapshot.html

exports[`GeneralLanding > default snapshot 1`] = `
{
  "asFragment": [Function],
  "baseElement": <body>
    <div>
      <div
        class="undefined"
      >
        <header
          class="Header"
        >
          <a
            aria-label="Home"
            class="link wordmark-link"
            href="/"
          >
            <span
              class="wordmark"
            >
              ryan r
              <span
                class="wordmark-dot"
              >
                .
              </span>
               campbell
            </span>
            <span
              aria-hidden="true"
              class="page-subtitle"
            >
              Technologist, Strategist & Author
            </span>
          </a>
          <nav
            aria-label="Site navigation"
            class="header-nav"
          >
            <a
              aria-current="page"
              class="header-nav__link active"
              href="/"
            >
              home
            </a>
            <a
              class="header-nav__link"
              href="/about"
            >
              about
            </a>
            <a
              class="header-nav__link"
              href="/resume"
            >
              resume
            </a>
            <a
              class="header-nav__link"
              href="/ai"
            >
              AI
            </a>
            <a
              class="header-nav__link"
              href="https://ryanrcampbell.substack.com"
              rel="noopener noreferrer"
              target="_blank"
            >
              writing
            </a>
            <a
              class="header-nav__link"
              href="/books"
            >
              books
            </a>
            <a
              class="header-nav__link"
              href="/podcasts"
            >
              archive
            </a>
          </nav>
          <div
            class="header-toggles"
          >
            <div
              class="Hamburger-menu "
              data-testid="menu"
            >
              <button
                aria-controls="mobile-navigation"
                aria-expanded="false"
                aria-label="Open navigation menu"
                class="hamburger-trigger"
                type="button"
              >
                <svg
                  id="hamburger-icon"
                  version="1.1"
                  viewBox="0 0 24 24"
                  xmlns="http://www.w3.org/2000/svg"
                  xmlns:xlink="http://www.w3.org/1999/xlink"
                >
                  <title>
                    Menu
                  </title>
                  <g
                    fill="none"
                    fill-rule="evenodd"
                    id="Page-1"
                    stroke="none"
                    stroke-width="1"
                  >
                    <g
                      id="Menu"
                    >
                      <rect
                        fill-rule="nonzero"
                        height="24"
                        id="Rectangle"
                        width="24"
                        x="0"
                        y="0"
                      />
                      <line
                        id="Path"
                        stroke-linecap="round"
                        stroke-width="1.5"
                        x1="5"
                        x2="19"
                        y1="7"
                        y2="7"
                      />
                      <line
                        id="Path"
                        stroke-linecap="round"
                        stroke-width="1.5"
                        x1="5"
                        x2="19"
                        y1="17"
                        y2="17"
                      />
                      <line
                        id="Path"
                        stroke-linecap="round"
                        stroke-width="1.5"
                        x1="5"
                        x2="19"
                        y1="12"
                        y2="12"
                      />
                    </g>
                  </g>
                </svg>
              </button>
            </div>
          </div>
        </header>
        <main
          class="General-landing"
        >
          <section
            class="gl-hero"
            id="about"
          >
            <div
              class="gl-hero__content"
            >
              <p
                class="gl-hero__eyebrow"
              >
                Technologist · Strategist · Author
              </p>
              <h1
                class="gl-hero__name"
              >
                Ryan R. Campbell
              </h1>
              <p
                class="gl-hero__tagline"
              >
                From enabling enterprise technology and AI adoption to authoring internationally recognized fiction, my work is driven by curiosity, experimentation, and a fascination with making complex ideas easier to understand.
              </p>
              <div
                class="gl-hero__ctas"
              >
                <a
                  class="btn-primary"
                  href="/resume"
                >
                  View my resume
                </a>
                <a
                  class="btn-secondary"
                  href="#impact"
                >
                  See my work
                </a>
                <a
                  class="btn-secondary"
                  href="/contact"
                >
                  Get in touch
                </a>
              </div>
            </div>
            <div
              class="gl-hero__image"
            >
              <img
                alt="Ryan R. Campbell — technical leader, software engineer, and author"
                class="gl-hero__photo"
                height="1312"
                loading="eager"
                src="./2026-ryan-r-campbell-website-headshot.jpg"
                width="1199"
              />
            </div>
          </section>
          <section
            aria-label="Key achievements"
            class="gl-metrics"
          >
            <div
              class="gl-metrics__item"
            >
              <div
                aria-hidden="true"
                class="gl-metrics__icon"
              >
                <svg
                  aria-hidden="true"
                  class="lucide lucide-brain-circuit"
                  fill="none"
                  height="24"
                  stroke="currentColor"
                  stroke-linecap="round"
                  stroke-linejoin="round"
                  stroke-width="2"
                  viewBox="0 0 24 24"
                  width="24"
                  xmlns="http://www.w3.org/2000/svg"
                >
                  <path
                    d="M12 5a3 3 0 1 0-5.997.125 4 4 0 0 0-2.526 5.77 4 4 0 0 0 .556 6.588A4 4 0 1 0 12 18Z"
                  />
                  <path
                    d="M9 13a4.5 4.5 0 0 0 3-4"
                  />
                  <path
                    d="M6.003 5.125A3 3 0 0 0 6.401 6.5"
                  />
                  <path
                    d="M3.477 10.896a4 4 0 0 1 .585-.396"
                  />
                  <path
                    d="M6 18a4 4 0 0 1-1.967-.516"
                  />
                  <path
                    d="M12 13h4"
                  />
                  <path
                    d="M12 18h6a2 2 0 0 1 2 2v1"
                  />
                  <path
                    d="M12 8h8"
                  />
                  <path
                    d="M16 8V5a2 2 0 0 1 2-2"
                  />
                  <circle
                    cx="16"
                    cy="13"
                    r=".5"
                  />
                  <circle
                    cx="18"
                    cy="3"
                    r=".5"
                  />
                  <circle
                    cx="20"
                    cy="21"
                    r=".5"
                  />
                  <circle
                    cx="20"
                    cy="8"
                    r=".5"
                  />
                </svg>
              </div>
              <div
                class="gl-metrics__text"
              >
                <span
                  class="gl-metrics__value"
                >
                  1,500+
                </span>
                <span
                  class="gl-metrics__label"
                >
                  Weekly views on the enterprise AI Hub
                </span>
              </div>
            </div>
            <div
              aria-hidden="true"
              class="gl-metrics__divider"
            />
            <div
              class="gl-metrics__item"
            >
              <div
                aria-hidden="true"
                class="gl-metrics__icon"
              >
                <svg
                  aria-hidden="true"
                  class="lucide lucide-zap"
                  fill="none"
                  height="24"
                  stroke="currentColor"
                  stroke-linecap="round"
                  stroke-linejoin="round"
                  stroke-width="2"
                  viewBox="0 0 24 24"
                  width="24"
                  xmlns="http://www.w3.org/2000/svg"
                >
                  <path
                    d="M4 14a1 1 0 0 1-.78-1.63l9.9-10.2a.5.5 0 0 1 .86.46l-1.92 6.02A1 1 0 0 0 13 10h7a1 1 0 0 1 .78 1.63l-9.9 10.2a.5.5 0 0 1-.86-.46l1.92-6.02A1 1 0 0 0 11 14z"
                  />
                </svg>
              </div>
              <div
                class="gl-metrics__text"
              >
                <span
                  class="gl-metrics__value"
                >
                  Most Innovative
                </span>
                <span
                  class="gl-metrics__label"
                >
                  Developer Experience Hackathon
                </span>
              </div>
            </div>
            <div
              aria-hidden="true"
              class="gl-metrics__divider"
            />
            <div
              class="gl-metrics__item"
            >
              <div
                aria-hidden="true"
                class="gl-metrics__icon"
              >
                <svg
                  aria-hidden="true"
                  class="lucide lucide-award"
                  fill="none"
                  height="24"
                  stroke="currentColor"
                  stroke-linecap="round"
                  stroke-linejoin="round"
                  stroke-width="2"
                  viewBox="0 0 24 24"
                  width="24"
                  xmlns="http://www.w3.org/2000/svg"
                >
                  <path
                    d="m15.477 12.89 1.515 8.526a.5.5 0 0 1-.81.47l-3.58-2.687a1 1 0 0 0-1.197 0l-3.586 2.686a.5.5 0 0 1-.81-.469l1.514-8.526"
                  />
                  <circle
                    cx="12"
                    cy="8"
                    r="6"
                  />
                </svg>
              </div>
              <div
                class="gl-metrics__text"
              >
                <span
                  class="gl-metrics__value"
                >
                  2×
                </span>
                <span
                  class="gl-metrics__label"
                >
                  International Book Awards Finalist
                </span>
              </div>
            </div>
          </section>
          <section
            class="gl-capabilities"
            id="capabilities"
          >
            <p
              class="section-label"
            >
              What I do
            </p>
            <p
              class="gl-capabilities__intro"
            >
              Systems, people, ideas, and possibilities — the boundaries between these blend best when connected by thoughtful communication. I build the technology, explore the questions, and create the conditions for meaningful exchange across all frontiers.
            </p>
            <div
              class="gl-capabilities__grid"
            >
              <article
                class="gl-capability-card"
              >
                <div
                  aria-hidden="true"
                  class="gl-capability-card__accent"
                />
                <h3>
                  Technical Leadership
                </h3>
                <p>
                  Understanding how things work and making them work better defines what I do: building software, shaping technical architecture, and leading initiatives that span systems, teams, and organizations, from enterprise platforms to emerging technologies.
                </p>
              </article>
              <article
                class="gl-capability-card"
              >
                <div
                  aria-hidden="true"
                  class="gl-capability-card__accent"
                />
                <h3>
                  Product & Experimentation
                </h3>
                <p>
                  I thrive in the messy space between "something isn't working" and "here's a better way." Experimentation, feedback, prototyping, and iteration lead us to better answers, clarifying which ideas deserve attention—and which are better left behind.
                </p>
              </article>
              <article
                class="gl-capability-card"
              >
                <div
                  aria-hidden="true"
                  class="gl-capability-card__accent"
                />
                <h3>
                  Education & Communication
                </h3>
                <p>
                  Making complicated things easier to understand has been the beating heart of my career. Whether I'm teaching, writing, publishing, designing workshops, or creating learning experiences for unique audiences, I care about clarity without flattening the complexity that makes an idea interesting.
                </p>
              </article>
              <article
                class="gl-capability-card"
              >
                <div
                  aria-hidden="true"
                  class="gl-capability-card__accent"
                />
                <h3>
                  Organizational Enablement
                </h3>
                <p>
                  Technology doesn't change organizations. People do. I help teams navigate the space between a new idea and the people who have to make it real—through mentorship, collaboration, communication, and thoughtful adoption.
                </p>
              </article>
            </div>
            <div
              class="gl-capabilities__cta"
            >
              <p>
                AI has become one of the most interesting places where these threads converge. What happens when powerful technology meets real people, real organizations, and imperfect systems? The answer depends on adopting it without losing sight of good judgment, trust, or the humans doing the work.
              </p>
              <a
                class="btn-secondary"
                href="/ai"
              >
                Read my AI philosophy
              </a>
            </div>
          </section>
          <section
            class="gl-impact"
            id="impact"
          >
            <p
              class="section-label"
            >
              Selected impact
            </p>
            <p
              class="gl-impact__intro"
            >
              The work is varied. The underlying questions are often the same.
            </p>
            <div
              class="Boasts"
              data-testid="boasts"
            >
              <div
                class="boast-row"
              >
                <div
                  class="boast-row__header"
                >
                  <div
                    aria-hidden="true"
                    class="boast-row__icon"
                  >
                    <svg
                      aria-hidden="true"
                      class="lucide lucide-sparkles"
                      fill="none"
                      height="24"
                      stroke="currentColor"
                      stroke-linecap="round"
                      stroke-linejoin="round"
                      stroke-width="2"
                      viewBox="0 0 24 24"
                      width="24"
                      xmlns="http://www.w3.org/2000/svg"
                    >
                      <path
                        d="M11.017 2.814a1 1 0 0 1 1.966 0l1.051 5.558a2 2 0 0 0 1.594 1.594l5.558 1.051a1 1 0 0 1 0 1.966l-5.558 1.051a2 2 0 0 0-1.594 1.594l-1.051 5.558a1 1 0 0 1-1.966 0l-1.051-5.558a2 2 0 0 0-1.594-1.594l-5.558-1.051a1 1 0 0 1 0-1.966l5.558-1.051a2 2 0 0 0 1.594-1.594z"
                      />
                      <path
                        d="M20 2v4"
                      />
                      <path
                        d="M22 4h-4"
                      />
                      <circle
                        cx="4"
                        cy="20"
                        r="2"
                      />
                    </svg>
                  </div>
                  <h3
                    class="boast-row__category"
                  >
                    Building & Experimentation
                  </h3>
                </div>
                <ul
                  class="boast-row__achievements"
                >
                  <li>
                    Led the definition, design, and launch of Northwestern Mutual's enterprise AI Hub, including the NM Skills Library and MCP Registry
                  </li>
                  <li>
                    Authored the organization's most-downloaded AI skill, contributing more than 15% of platform downloads
                  </li>
                  <li>
                    Awarded "Most Innovative" in the 2024 Developer Experience Hackathon for an AI-powered application that analyzed internal Slack data
                  </li>
                  <li>
                    Identified customer demand for a new pizza size and redesigned dough specifications and production workflows to support three sizes
                  </li>
                </ul>
              </div>
              <div
                class="boast-row"
              >
                <div
                  class="boast-row__header"
                >
                  <div
                    aria-hidden="true"
                    class="boast-row__icon"
                  >
                    <svg
                      aria-hidden="true"
                      class="lucide lucide-users"
                      fill="none"
                      height="24"
                      stroke="currentColor"
                      stroke-linecap="round"
                      stroke-linejoin="round"
                      stroke-width="2"
                      viewBox="0 0 24 24"
                      width="24"
                      xmlns="http://www.w3.org/2000/svg"
                    >
                      <path
                        d="M16 21v-2a4 4 0 0 0-4-4H6a4 4 0 0 0-4 4v2"
                      />
                      <path
                        d="M16 3.128a4 4 0 0 1 0 7.744"
                      />
                      <path
                        d="M22 21v-2a4 4 0 0 0-3-3.87"
                      />
                      <circle
                        cx="9"
                        cy="7"
                        r="4"
                      />
                    </svg>
                  </div>
                  <h3
                    class="boast-row__category"
                  >
                    Leading & Enabling
                  </h3>
                </div>
                <ul
                  class="boast-row__achievements"
                >
                  <li>
                    Led cross-organizational research into AI adoption and translated findings into practical implementation recommendations
                  </li>
                  <li>
                    Presented enterprise innovation strategy and organizational enablement recommendations to executive leadership, including the CEO
                  </li>
                  <li>
                    Served as a primary mentor for interns and junior engineers through architecture reviews, onboarding, code reviews, and career conversations
                  </li>
                  <li>
                    Co-chaired the Pathways Mentorship Program engagement committee to facilitate mentorship and talent development initiatives
                  </li>
                </ul>
              </div>
              <div
                class="boast-row"
              >
                <div
                  class="boast-row__header"
                >
                  <div
                    aria-hidden="true"
                    class="boast-row__icon"
                  >
                    <svg
                      aria-hidden="true"
                      class="lucide lucide-book-open"
                      fill="none"
                      height="24"
                      stroke="currentColor"
                      stroke-linecap="round"
                      stroke-linejoin="round"
                      stroke-width="2"
                      viewBox="0 0 24 24"
                      width="24"
                      xmlns="http://www.w3.org/2000/svg"
                    >
                      <path
                        d="M12 7v14"
                      />
                      <path
                        d="M3 18a1 1 0 0 1-1-1V4a1 1 0 0 1 1-1h5a4 4 0 0 1 4 4 4 4 0 0 1 4-4h5a1 1 0 0 1 1 1v13a1 1 0 0 1-1 1h-6a3 3 0 0 0-3 3 3 3 0 0 0-3-3z"
                      />
                    </svg>
                  </div>
                  <h3
                    class="boast-row__category"
                  >
                    Teaching & Communicating
                  </h3>
                </div>
                <ul
                  class="boast-row__achievements"
                >
                  <li>
                    Designed and delivered educational programming, workshops, and presentations for UW Continuing Studies, the UW Writers' Institute, and Lakefly Writers Conference
                  </li>
                  <li>
                    Built and grew the Writescast Network into a podcast platform producing 120+ episodes and reaching tens of thousands of listeners
                  </li>
                  <li>
                    Published multiple award-recognized books while managing editing, production, marketing, distribution, and operations
                  </li>
                  <li>
                    Founded and operated an independent publishing and education business, managing its strategy, technology, audience development, and day-to-day operations
                  </li>
                </ul>
              </div>
            </div>
          </section>
          <section
            class="gl-projects"
            id="projects"
          >
            <p
              class="section-label"
            >
              Selected projects
            </p>
            <div
              class="Builds"
            >
              <article
                class="build-tile"
                data-testid="build"
              >
                <div
                  class="build-tile__logo-wrap"
                >
                  <img
                    alt="The cartoon outline of a bird against a forest green background"
                    class="build-tile__logo"
                    src="./builds/real-fake-birds-app-logo.png"
                  />
                </div>
                <div
                  class="build-tile__body"
                >
                  <h3
                    class="build-tile__title"
                  >
                    Real Fake Birds
                  </h3>
                  <p
                    class="build-tile__teaser"
                  >
                    Some are real. Some are fake. Tell them apart.
                  </p>
                  <p
                    class="build-tile__desc"
                  >
                    Earn badges and extend your streak in this real-or-fake guessing game that puts even the most ardent birders to the test.
                  </p>
                  <p
                    class="build-tile__tech"
                  >
                    OpenAI APIs, Next.js, TypeScript, Supabase, Tailwind CSS, Cloudflare R2, Capacitor, Upstash Redis
                  </p>
                </div>
                <div
                  class="build-tile__links"
                >
                  <a
                    class="build-tile__link"
                    href="https://www.realfakebirds.app"
                    rel="noopener noreferrer"
                    target="_blank"
                  >
                    play the game
                  </a>
                </div>
              </article>
              <article
                class="build-tile"
                data-testid="build"
              >
                <div
                  class="build-tile__logo-wrap"
                >
                  <img
                    alt="The logo for Catbird Games"
                    class="build-tile__logo"
                    src="./builds/catbird-games-gradient-logo.png"
                  />
                </div>
                <div
                  class="build-tile__body"
                >
                  <h3
                    class="build-tile__title"
                  >
                    Catbird Games
                  </h3>
                  <p
                    class="build-tile__teaser"
                  >
                    Just a little hard to put down.
                  </p>
                  <p
                    class="build-tile__desc"
                  >
                    Catbird Games is an indie game development studio owned and operated by Ryan R. Campbell.
                  </p>
                  <p
                    class="build-tile__tech"
                  >
                    React 19, TypeScript, Vite, Vitest, ESLint, Vercel
                  </p>
                </div>
                <div
                  class="build-tile__links"
                >
                  <a
                    class="build-tile__link"
                    href="https://catbirdgames.com/"
                    rel="noopener noreferrer"
                    target="_blank"
                  >
                    join the fun
                  </a>
                  <a
                    class="build-tile__link build-tile__link--gh"
                    href="https://github.com/rrcampbell-exe/catbird-games"
                    rel="noopener noreferrer"
                    target="_blank"
                  >
                    GitHub
                  </a>
                </div>
              </article>
              <article
                class="build-tile"
                data-testid="build"
              >
                <div
                  class="build-tile__logo-wrap"
                >
                  <img
                    alt="A winter driveway at The Druids Den"
                    class="build-tile__logo"
                    src="./builds/druids-den-winter-driveway.jpg"
                  />
                </div>
                <div
                  class="build-tile__body"
                >
                  <h3
                    class="build-tile__title"
                  >
                    The Druids Den
                  </h3>
                  <p
                    class="build-tile__teaser"
                  >
                    A northwoods Wisconsin escape.
                  </p>
                  <p
                    class="build-tile__desc"
                  >
                    Nestled on 5½ private acres in the heart of Wisconsin's northwoods, the Druids Den offers a unique woodlands experience for those seeking relaxation and adventure alike.
                  </p>
                  <p
                    class="build-tile__tech"
                  >
                    React 19, React Router 7, Vite, Vercel Serverless Functions, PostgreSQL, Prisma, Clerk, Vitest, Testing Library, Resend
                  </p>
                </div>
                <div
                  class="build-tile__links"
                >
                  <a
                    class="build-tile__link"
                    href="https://druidsdenwi.com/"
                    rel="noopener noreferrer"
                    target="_blank"
                  >
                    explore the retreat
                  </a>
                </div>
              </article>
            </div>
            <div
              class="gl-section-link-row"
            >
              <a
                class="btn-secondary"
                href="https://github.com/rrcampbell-exe"
                rel="noopener noreferrer"
                target="_blank"
              >
                View more on GitHub
              </a>
            </div>
          </section>
          <section
            class="gl-writing"
            id="writing"
          >
            <p
              class="section-label"
            >
              Writing
            </p>
            <div
              class="gl-writing__grid"
            >
              <div
                class="gl-writing__posts"
              >
                <div
                  class="ContentTeaser"
                  data-testid="blog-teaser"
                >
                  <div>
                    <div
                      class="content-post grow-on-hover"
                    >
                      <h3>
                        The Gospel of Inevitability
                      </h3>
                      <p>
                        On AI, agency, and the future we choose to build.
                      </p>
                      <a
                        href="/p/the-gospel-of-inevitability"
                      >
                        Visit me on Substack here
                      </a>
                    </div>
                  </div>
                  <div>
                    <div
                      class="content-post grow-on-hover"
                    >
                      <h3>
                        Strategic Passion: A Playbook for Aligning Passion with Mastery
                      </h3>
                      <p>
                        Marrying passion and craft is paramount, but how do we do it strategically?
                      </p>
                      <a
                        href="/2024/11/26/strategic-passion-a-playbook-for-aligning-passion-with-mastery"
                      >
                        Visit me on Substack here
                      </a>
                    </div>
                  </div>
                </div>
                <div
                  class="gl-section-link-row"
                >
                  <a
                    class="btn-secondary"
                    href="https://ryanrcampbell.substack.com"
                    rel="noopener noreferrer"
                    target="_blank"
                  >
                    Read on Substack
                  </a>
                </div>
              </div>
              <div
                class="gl-writing__books"
              >
                <div
                  class="Books"
                  data-testid="books"
                >
                  <a
                    href="/books"
                  >
                    <div>
                      <div
                        class="book-container grow-on-hover"
                      >
                        <div
                          class="book-cover-frame"
                          style="aspect-ratio: 1650 / 2400;"
                        >
                          <img
                            alt="Orange cover of the book Scambait by Ryan R. Campbell, which displays the book title and shows the main character sitting at a desk with a computer and his Saint Bernard at his side"
                            class="book-cover"
                            data-testid="book-cover"
                            height="2400"
                            src="./books/scambait/scambait-flat-cover-international-book-awards-readers-favorite-sticker.png"
                            width="1650"
                          />
                        </div>
                        <h3
                          class="book-title"
                        >
                          Scambait
                        </h3>
                        <p>
                          The International Book Awards finalist in Humor and Satire that asks, "Who scams the scammers?"
                        </p>
                        <button
                          class="btn-secondary"
                        >
                          <a
                            href="/books"
                          >
                            Read more
                          </a>
                        </button>
                      </div>
                    </div>
                  </a>
                  <a
                    href="/books"
                  >
                    <div>
                      <div
                        class="book-container grow-on-hover"
                      >
                        <div
                          class="book-cover-frame"
                          style="aspect-ratio: 1800 / 2700;"
                        >
                          <img
                            alt="The black cover of the book And Ampersand by Ryan R. Campbell, which features two large ampersands in gold and white, respectively"
                            class="book-cover"
                            data-testid="book-cover"
                            height="2700"
                            src="./books/and-ampersand/and-ampersand-flat-cover.png"
                            width="1800"
                          />
                        </div>
                        <h3
                          class="book-title"
                        >
                          And Ampersand
                        </h3>
                        <p>
                          A collection of short fiction that begins with endings, ends with beginnings, and elevates feel over form.
                        </p>
                        <button
                          class="btn-secondary"
                        >
                          <a
                            href="/books"
                          >
                            Read more
                          </a>
                        </button>
                      </div>
                    </div>
                  </a>
                </div>
              </div>
            </div>
          </section>
        </main>
        <div
          data-testid="analytics"
        />
        <div
          data-testid="speed-insights"
        />
        <footer
          class="Footer"
          id="contact"
        >
          <div
            class="footer-inner"
          >
            <div
              class="footer-brand"
            >
              <a
                aria-label="Home"
                class="footer-wordmark"
                href="/"
              >
                ryan r
                <span
                  class="footer-dot"
                >
                  .
                </span>
                 campbell
              </a>
              <p
                class="footer-tagline"
              >
                Software engineer & author based in Milwaukee, WI.
              </p>
            </div>
            <nav
              aria-label="Footer navigation"
              class="footer-nav"
            >
              <span
                class="footer-nav-label"
              >
                Navigate
              </span>
              <ul>
                <li>
                  <a
                    href="/"
                  >
                    Home
                  </a>
                </li>
                <li>
                  <a
                    href="/about"
                  >
                    About
                  </a>
                </li>
                <li>
                  <a
                    href="/resume"
                  >
                    Resume
                  </a>
                </li>
                <li>
                  <a
                    href="/ai"
                  >
                    AI
                  </a>
                </li>
                <li>
                  <a
                    href="https://ryanrcampbell.substack.com"
                    rel="noopener noreferrer"
                    target="_blank"
                  >
                    Writing
                  </a>
                </li>
                <li>
                  <a
                    href="/books"
                  >
                    Books
                  </a>
                </li>
                <li>
                  <a
                    href="/podcasts"
                  >
                    Archive
                  </a>
                </li>
                <li>
                  <a
                    href="/contact"
                  >
                    Contact
                  </a>
                </li>
              </ul>
            </nav>
            <div
              class="footer-connect"
            >
              <span
                class="footer-nav-label"
              >
                Connect
              </span>
              <ul>
                <li>
                  <a
                    href="https://www.linkedin.com/in/ryan-r-campbell/"
                    rel="noopener noreferrer"
                    target="_blank"
                  >
                    LinkedIn
                  </a>
                </li>
                <li>
                  <a
                    href="https://ryanrcampbell.substack.com"
                    rel="noopener noreferrer"
                    target="_blank"
                  >
                    Substack
                  </a>
                </li>
                <li>
                  <a
                    href="https://github.com/rrcampbell-exe"
                    rel="noopener noreferrer"
                    target="_blank"
                  >
                    GitHub
                  </a>
                </li>
              </ul>
            </div>
            <div
              class="footer-contact"
            >
              <span
                class="footer-nav-label"
              >
                Contact (Gmail)
              </span>
              <div
                class="footer-contact__grid"
              >
                <div>
                  <p
                    class="footer-contact__label"
                  >
                    tech inquiries
                  </p>
                  <p>
                    campbell.ryan.r
                  </p>
                </div>
                <div>
                  <p
                    class="footer-contact__label"
                  >
                    author inquiries
                  </p>
                  <p>
                    rrcampbellwrites
                  </p>
                </div>
              </div>
            </div>
          </div>
          <div
            class="footer-bottom"
          >
            <span>
              © 2012 – 
              2026
               Ryan R. Campbell
            </span>
          </div>
        </footer>
      </div>
    </div>
    <div
      class="ReactModalPortal"
    />
  </body>,
  "container": <div>
    <div
      class="undefined"
    >
      <header
        class="Header"
      >
        <a
          aria-label="Home"
          class="link wordmark-link"
          href="/"
        >
          <span
            class="wordmark"
          >
            ryan r
            <span
              class="wordmark-dot"
            >
              .
            </span>
             campbell
          </span>
          <span
            aria-hidden="true"
            class="page-subtitle"
          >
            Technologist, Strategist & Author
          </span>
        </a>
        <nav
          aria-label="Site navigation"
          class="header-nav"
        >
          <a
            aria-current="page"
            class="header-nav__link active"
            href="/"
          >
            home
          </a>
          <a
            class="header-nav__link"
            href="/about"
          >
            about
          </a>
          <a
            class="header-nav__link"
            href="/resume"
          >
            resume
          </a>
          <a
            class="header-nav__link"
            href="/ai"
          >
            AI
          </a>
          <a
            class="header-nav__link"
            href="https://ryanrcampbell.substack.com"
            rel="noopener noreferrer"
            target="_blank"
          >
            writing
          </a>
          <a
            class="header-nav__link"
            href="/books"
          >
            books
          </a>
          <a
            class="header-nav__link"
            href="/podcasts"
          >
            archive
          </a>
        </nav>
        <div
          class="header-toggles"
        >
          <div
            class="Hamburger-menu "
            data-testid="menu"
          >
            <button
              aria-controls="mobile-navigation"
              aria-expanded="false"
              aria-label="Open navigation menu"
              class="hamburger-trigger"
              type="button"
            >
              <svg
                id="hamburger-icon"
                version="1.1"
                viewBox="0 0 24 24"
                xmlns="http://www.w3.org/2000/svg"
                xmlns:xlink="http://www.w3.org/1999/xlink"
              >
                <title>
                  Menu
                </title>
                <g
                  fill="none"
                  fill-rule="evenodd"
                  id="Page-1"
                  stroke="none"
                  stroke-width="1"
                >
                  <g
                    id="Menu"
                  >
                    <rect
                      fill-rule="nonzero"
                      height="24"
                      id="Rectangle"
                      width="24"
                      x="0"
                      y="0"
                    />
                    <line
                      id="Path"
                      stroke-linecap="round"
                      stroke-width="1.5"
                      x1="5"
                      x2="19"
                      y1="7"
                      y2="7"
                    />
                    <line
                      id="Path"
                      stroke-linecap="round"
                      stroke-width="1.5"
                      x1="5"
                      x2="19"
                      y1="17"
                      y2="17"
                    />
                    <line
                      id="Path"
                      stroke-linecap="round"
                      stroke-width="1.5"
                      x1="5"
                      x2="19"
                      y1="12"
                      y2="12"
                    />
                  </g>
                </g>
              </svg>
            </button>
          </div>
        </div>
      </header>
      <main
        class="General-landing"
      >
        <section
          class="gl-hero"
          id="about"
        >
          <div
            class="gl-hero__content"
          >
            <p
              class="gl-hero__eyebrow"
            >
              Technologist · Strategist · Author
            </p>
            <h1
              class="gl-hero__name"
            >
              Ryan R. Campbell
            </h1>
            <p
              class="gl-hero__tagline"
            >
              From enabling enterprise technology and AI adoption to authoring internationally recognized fiction, my work is driven by curiosity, experimentation, and a fascination with making complex ideas easier to understand.
            </p>
            <div
              class="gl-hero__ctas"
            >
              <a
                class="btn-primary"
                href="/resume"
              >
                View my resume
              </a>
              <a
                class="btn-secondary"
                href="#impact"
              >
                See my work
              </a>
              <a
                class="btn-secondary"
                href="/contact"
              >
                Get in touch
              </a>
            </div>
          </div>
          <div
            class="gl-hero__image"
          >
            <img
              alt="Ryan R. Campbell — technical leader, software engineer, and author"
              class="gl-hero__photo"
              height="1312"
              loading="eager"
              src="./2026-ryan-r-campbell-website-headshot.jpg"
              width="1199"
            />
          </div>
        </section>
        <section
          aria-label="Key achievements"
          class="gl-metrics"
        >
          <div
            class="gl-metrics__item"
          >
            <div
              aria-hidden="true"
              class="gl-metrics__icon"
            >
              <svg
                aria-hidden="true"
                class="lucide lucide-brain-circuit"
                fill="none"
                height="24"
                stroke="currentColor"
                stroke-linecap="round"
                stroke-linejoin="round"
                stroke-width="2"
                viewBox="0 0 24 24"
                width="24"
                xmlns="http://www.w3.org/2000/svg"
              >
                <path
                  d="M12 5a3 3 0 1 0-5.997.125 4 4 0 0 0-2.526 5.77 4 4 0 0 0 .556 6.588A4 4 0 1 0 12 18Z"
                />
                <path
                  d="M9 13a4.5 4.5 0 0 0 3-4"
                />
                <path
                  d="M6.003 5.125A3 3 0 0 0 6.401 6.5"
                />
                <path
                  d="M3.477 10.896a4 4 0 0 1 .585-.396"
                />
                <path
                  d="M6 18a4 4 0 0 1-1.967-.516"
                />
                <path
                  d="M12 13h4"
                />
                <path
                  d="M12 18h6a2 2 0 0 1 2 2v1"
                />
                <path
                  d="M12 8h8"
                />
                <path
                  d="M16 8V5a2 2 0 0 1 2-2"
                />
                <circle
                  cx="16"
                  cy="13"
                  r=".5"
                />
                <circle
                  cx="18"
                  cy="3"
                  r=".5"
                />
                <circle
                  cx="20"
                  cy="21"
                  r=".5"
                />
                <circle
                  cx="20"
                  cy="8"
                  r=".5"
                />
              </svg>
            </div>
            <div
              class="gl-metrics__text"
            >
              <span
                class="gl-metrics__value"
              >
                1,500+
              </span>
              <span
                class="gl-metrics__label"
              >
                Weekly views on the enterprise AI Hub
              </span>
            </div>
          </div>
          <div
            aria-hidden="true"
            class="gl-metrics__divider"
          />
          <div
            class="gl-metrics__item"
          >
            <div
              aria-hidden="true"
              class="gl-metrics__icon"
            >
              <svg
                aria-hidden="true"
                class="lucide lucide-zap"
                fill="none"
                height="24"
                stroke="currentColor"
                stroke-linecap="round"
                stroke-linejoin="round"
                stroke-width="2"
                viewBox="0 0 24 24"
                width="24"
                xmlns="http://www.w3.org/2000/svg"
              >
                <path
                  d="M4 14a1 1 0 0 1-.78-1.63l9.9-10.2a.5.5 0 0 1 .86.46l-1.92 6.02A1 1 0 0 0 13 10h7a1 1 0 0 1 .78 1.63l-9.9 10.2a.5.5 0 0 1-.86-.46l1.92-6.02A1 1 0 0 0 11 14z"
                />
              </svg>
            </div>
            <div
              class="gl-metrics__text"
            >
              <span
                class="gl-metrics__value"
              >
                Most Innovative
              </span>
              <span
                class="gl-metrics__label"
              >
                Developer Experience Hackathon
              </span>
            </div>
          </div>
          <div
            aria-hidden="true"
            class="gl-metrics__divider"
          />
          <div
            class="gl-metrics__item"
          >
            <div
              aria-hidden="true"
              class="gl-metrics__icon"
            >
              <svg
                aria-hidden="true"
                class="lucide lucide-award"
                fill="none"
                height="24"
                stroke="currentColor"
                stroke-linecap="round"
                stroke-linejoin="round"
                stroke-width="2"
                viewBox="0 0 24 24"
                width="24"
                xmlns="http://www.w3.org/2000/svg"
              >
                <path
                  d="m15.477 12.89 1.515 8.526a.5.5 0 0 1-.81.47l-3.58-2.687a1 1 0 0 0-1.197 0l-3.586 2.686a.5.5 0 0 1-.81-.469l1.514-8.526"
                />
                <circle
                  cx="12"
                  cy="8"
                  r="6"
                />
              </svg>
            </div>
            <div
              class="gl-metrics__text"
            >
              <span
                class="gl-metrics__value"
              >
                2×
              </span>
              <span
                class="gl-metrics__label"
              >
                International Book Awards Finalist
              </span>
            </div>
          </div>
        </section>
        <section
          class="gl-capabilities"
          id="capabilities"
        >
          <p
            class="section-label"
          >
            What I do
          </p>
          <p
            class="gl-capabilities__intro"
          >
            Systems, people, ideas, and possibilities — the boundaries between these blend best when connected by thoughtful communication. I build the technology, explore the questions, and create the conditions for meaningful exchange across all frontiers.
          </p>
          <div
            class="gl-capabilities__grid"
          >
            <article
              class="gl-capability-card"
            >
              <div
                aria-hidden="true"
                class="gl-capability-card__accent"
              />
              <h3>
                Technical Leadership
              </h3>
              <p>
                Understanding how things work and making them work better defines what I do: building software, shaping technical architecture, and leading initiatives that span systems, teams, and organizations, from enterprise platforms to emerging technologies.
              </p>
            </article>
            <article
              class="gl-capability-card"
            >
              <div
                aria-hidden="true"
                class="gl-capability-card__accent"
              />
              <h3>
                Product & Experimentation
              </h3>
              <p>
                I thrive in the messy space between "something isn't working" and "here's a better way." Experimentation, feedback, prototyping, and iteration lead us to better answers, clarifying which ideas deserve attention—and which are better left behind.
              </p>
            </article>
            <article
              class="gl-capability-card"
            >
              <div
                aria-hidden="true"
                class="gl-capability-card__accent"
              />
              <h3>
                Education & Communication
              </h3>
              <p>
                Making complicated things easier to understand has been the beating heart of my career. Whether I'm teaching, writing, publishing, designing workshops, or creating learning experiences for unique audiences, I care about clarity without flattening the complexity that makes an idea interesting.
              </p>
            </article>
            <article
              class="gl-capability-card"
            >
              <div
                aria-hidden="true"
                class="gl-capability-card__accent"
              />
              <h3>
                Organizational Enablement
              </h3>
              <p>
                Technology doesn't change organizations. People do. I help teams navigate the space between a new idea and the people who have to make it real—through mentorship, collaboration, communication, and thoughtful adoption.
              </p>
            </article>
          </div>
          <div
            class="gl-capabilities__cta"
          >
            <p>
              AI has become one of the most interesting places where these threads converge. What happens when powerful technology meets real people, real organizations, and imperfect systems? The answer depends on adopting it without losing sight of good judgment, trust, or the humans doing the work.
            </p>
            <a
              class="btn-secondary"
              href="/ai"
            >
              Read my AI philosophy
            </a>
          </div>
        </section>
        <section
          class="gl-impact"
          id="impact"
        >
          <p
            class="section-label"
          >
            Selected impact
          </p>
          <p
            class="gl-impact__intro"
          >
            The work is varied. The underlying questions are often the same.
          </p>
          <div
            class="Boasts"
            data-testid="boasts"
          >
            <div
              class="boast-row"
            >
              <div
                class="boast-row__header"
              >
                <div
                  aria-hidden="true"
                  class="boast-row__icon"
                >
                  <svg
                    aria-hidden="true"
                    class="lucide lucide-sparkles"
                    fill="none"
                    height="24"
                    stroke="currentColor"
                    stroke-linecap="round"
                    stroke-linejoin="round"
                    stroke-width="2"
                    viewBox="0 0 24 24"
                    width="24"
                    xmlns="http://www.w3.org/2000/svg"
                  >
                    <path
                      d="M11.017 2.814a1 1 0 0 1 1.966 0l1.051 5.558a2 2 0 0 0 1.594 1.594l5.558 1.051a1 1 0 0 1 0 1.966l-5.558 1.051a2 2 0 0 0-1.594 1.594l-1.051 5.558a1 1 0 0 1-1.966 0l-1.051-5.558a2 2 0 0 0-1.594-1.594l-5.558-1.051a1 1 0 0 1 0-1.966l5.558-1.051a2 2 0 0 0 1.594-1.594z"
                    />
                    <path
                      d="M20 2v4"
                    />
                    <path
                      d="M22 4h-4"
                    />
                    <circle
                      cx="4"
                      cy="20"
                      r="2"
                    />
                  </svg>
                </div>
                <h3
                  class="boast-row__category"
                >
                  Building & Experimentation
                </h3>
              </div>
              <ul
                class="boast-row__achievements"
              >
                <li>
                  Led the definition, design, and launch of Northwestern Mutual's enterprise AI Hub, including the NM Skills Library and MCP Registry
                </li>
                <li>
                  Authored the organization's most-downloaded AI skill, contributing more than 15% of platform downloads
                </li>
                <li>
                  Awarded "Most Innovative" in the 2024 Developer Experience Hackathon for an AI-powered application that analyzed internal Slack data
                </li>
                <li>
                  Identified customer demand for a new pizza size and redesigned dough specifications and production workflows to support three sizes
                </li>
              </ul>
            </div>
            <div
              class="boast-row"
            >
              <div
                class="boast-row__header"
              >
                <div
                  aria-hidden="true"
                  class="boast-row__icon"
                >
                  <svg
                    aria-hidden="true"
                    class="lucide lucide-users"
                    fill="none"
                    height="24"
                    stroke="currentColor"
                    stroke-linecap="round"
                    stroke-linejoin="round"
                    stroke-width="2"
                    viewBox="0 0 24 24"
                    width="24"
                    xmlns="http://www.w3.org/2000/svg"
                  >
                    <path
                      d="M16 21v-2a4 4 0 0 0-4-4H6a4 4 0 0 0-4 4v2"
                    />
                    <path
                      d="M16 3.128a4 4 0 0 1 0 7.744"
                    />
                    <path
                      d="M22 21v-2a4 4 0 0 0-3-3.87"
                    />
                    <circle
                      cx="9"
                      cy="7"
                      r="4"
                    />
                  </svg>
                </div>
                <h3
                  class="boast-row__category"
                >
                  Leading & Enabling
                </h3>
              </div>
              <ul
                class="boast-row__achievements"
              >
                <li>
                  Led cross-organizational research into AI adoption and translated findings into practical implementation recommendations
                </li>
                <li>
                  Presented enterprise innovation strategy and organizational enablement recommendations to executive leadership, including the CEO
                </li>
                <li>
                  Served as a primary mentor for interns and junior engineers through architecture reviews, onboarding, code reviews, and career conversations
                </li>
                <li>
                  Co-chaired the Pathways Mentorship Program engagement committee to facilitate mentorship and talent development initiatives
                </li>
              </ul>
            </div>
            <div
              class="boast-row"
            >
              <div
                class="boast-row__header"
              >
                <div
                  aria-hidden="true"
                  class="boast-row__icon"
                >
                  <svg
                    aria-hidden="true"
                    class="lucide lucide-book-open"
                    fill="none"
                    height="24"
                    stroke="currentColor"
                    stroke-linecap="round"
                    stroke-linejoin="round"
                    stroke-width="2"
                    viewBox="0 0 24 24"
                    width="24"
                    xmlns="http://www.w3.org/2000/svg"
                  >
                    <path
                      d="M12 7v14"
                    />
                    <path
                      d="M3 18a1 1 0 0 1-1-1V4a1 1 0 0 1 1-1h5a4 4 0 0 1 4 4 4 4 0 0 1 4-4h5a1 1 0 0 1 1 1v13a1 1 0 0 1-1 1h-6a3 3 0 0 0-3 3 3 3 0 0 0-3-3z"
                    />
                  </svg>
                </div>
                <h3
                  class="boast-row__category"
                >
                  Teaching & Communicating
                </h3>
              </div>
              <ul
                class="boast-row__achievements"
              >
                <li>
                  Designed and delivered educational programming, workshops, and presentations for UW Continuing Studies, the UW Writers' Institute, and Lakefly Writers Conference
                </li>
                <li>
                  Built and grew the Writescast Network into a podcast platform producing 120+ episodes and reaching tens of thousands of listeners
                </li>
                <li>
                  Published multiple award-recognized books while managing editing, production, marketing, distribution, and operations
                </li>
                <li>
                  Founded and operated an independent publishing and education business, managing its strategy, technology, audience development, and day-to-day operations
                </li>
              </ul>
            </div>
          </div>
        </section>
        <section
          class="gl-projects"
          id="projects"
        >
          <p
            class="section-label"
          >
            Selected projects
          </p>
          <div
            class="Builds"
          >
            <article
              class="build-tile"
              data-testid="build"
            >
              <div
                class="build-tile__logo-wrap"
              >
                <img
                  alt="The cartoon outline of a bird against a forest green background"
                  class="build-tile__logo"
                  src="./builds/real-fake-birds-app-logo.png"
                />
              </div>
              <div
                class="build-tile__body"
              >
                <h3
                  class="build-tile__title"
                >
                  Real Fake Birds
                </h3>
                <p
                  class="build-tile__teaser"
                >
                  Some are real. Some are fake. Tell them apart.
                </p>
                <p
                  class="build-tile__desc"
                >
                  Earn badges and extend your streak in this real-or-fake guessing game that puts even the most ardent birders to the test.
                </p>
                <p
                  class="build-tile__tech"
                >
                  OpenAI APIs, Next.js, TypeScript, Supabase, Tailwind CSS, Cloudflare R2, Capacitor, Upstash Redis
                </p>
              </div>
              <div
                class="build-tile__links"
              >
                <a
                  class="build-tile__link"
                  href="https://www.realfakebirds.app"
                  rel="noopener noreferrer"
                  target="_blank"
                >
                  play the game
                </a>
              </div>
            </article>
            <article
              class="build-tile"
              data-testid="build"
            >
              <div
                class="build-tile__logo-wrap"
              >
                <img
                  alt="The logo for Catbird Games"
                  class="build-tile__logo"
                  src="./builds/catbird-games-gradient-logo.png"
                />
              </div>
              <div
                class="build-tile__body"
              >
                <h3
                  class="build-tile__title"
                >
                  Catbird Games
                </h3>
                <p
                  class="build-tile__teaser"
                >
                  Just a little hard to put down.
                </p>
                <p
                  class="build-tile__desc"
                >
                  Catbird Games is an indie game development studio owned and operated by Ryan R. Campbell.
                </p>
                <p
                  class="build-tile__tech"
                >
                  React 19, TypeScript, Vite, Vitest, ESLint, Vercel
                </p>
              </div>
              <div
                class="build-tile__links"
              >
                <a
                  class="build-tile__link"
                  href="https://catbirdgames.com/"
                  rel="noopener noreferrer"
                  target="_blank"
                >
                  join the fun
                </a>
                <a
                  class="build-tile__link build-tile__link--gh"
                  href="https://github.com/rrcampbell-exe/catbird-games"
                  rel="noopener noreferrer"
                  target="_blank"
                >
                  GitHub
                </a>
              </div>
            </article>
            <article
              class="build-tile"
              data-testid="build"
            >
              <div
                class="build-tile__logo-wrap"
              >
                <img
                  alt="A winter driveway at The Druids Den"
                  class="build-tile__logo"
                  src="./builds/druids-den-winter-driveway.jpg"
                />
              </div>
              <div
                class="build-tile__body"
              >
                <h3
                  class="build-tile__title"
                >
                  The Druids Den
                </h3>
                <p
                  class="build-tile__teaser"
                >
                  A northwoods Wisconsin escape.
                </p>
                <p
                  class="build-tile__desc"
                >
                  Nestled on 5½ private acres in the heart of Wisconsin's northwoods, the Druids Den offers a unique woodlands experience for those seeking relaxation and adventure alike.
                </p>
                <p
                  class="build-tile__tech"
                >
                  React 19, React Router 7, Vite, Vercel Serverless Functions, PostgreSQL, Prisma, Clerk, Vitest, Testing Library, Resend
                </p>
              </div>
              <div
                class="build-tile__links"
              >
                <a
                  class="build-tile__link"
                  href="https://druidsdenwi.com/"
                  rel="noopener noreferrer"
                  target="_blank"
                >
                  explore the retreat
                </a>
              </div>
            </article>
          </div>
          <div
            class="gl-section-link-row"
          >
            <a
              class="btn-secondary"
              href="https://github.com/rrcampbell-exe"
              rel="noopener noreferrer"
              target="_blank"
            >
              View more on GitHub
            </a>
          </div>
        </section>
        <section
          class="gl-writing"
          id="writing"
        >
          <p
            class="section-label"
          >
            Writing
          </p>
          <div
            class="gl-writing__grid"
          >
            <div
              class="gl-writing__posts"
            >
              <div
                class="ContentTeaser"
                data-testid="blog-teaser"
              >
                <div>
                  <div
                    class="content-post grow-on-hover"
                  >
                    <h3>
                      The Gospel of Inevitability
                    </h3>
                    <p>
                      On AI, agency, and the future we choose to build.
                    </p>
                    <a
                      href="/p/the-gospel-of-inevitability"
                    >
                      Visit me on Substack here
                    </a>
                  </div>
                </div>
                <div>
                  <div
                    class="content-post grow-on-hover"
                  >
                    <h3>
                      Strategic Passion: A Playbook for Aligning Passion with Mastery
                    </h3>
                    <p>
                      Marrying passion and craft is paramount, but how do we do it strategically?
                    </p>
                    <a
                      href="/2024/11/26/strategic-passion-a-playbook-for-aligning-passion-with-mastery"
                    >
                      Visit me on Substack here
                    </a>
                  </div>
                </div>
              </div>
              <div
                class="gl-section-link-row"
              >
                <a
                  class="btn-secondary"
                  href="https://ryanrcampbell.substack.com"
                  rel="noopener noreferrer"
                  target="_blank"
                >
                  Read on Substack
                </a>
              </div>
            </div>
            <div
              class="gl-writing__books"
            >
              <div
                class="Books"
                data-testid="books"
              >
                <a
                  href="/books"
                >
                  <div>
                    <div
                      class="book-container grow-on-hover"
                    >
                      <div
                        class="book-cover-frame"
                        style="aspect-ratio: 1650 / 2400;"
                      >
                        <img
                          alt="Orange cover of the book Scambait by Ryan R. Campbell, which displays the book title and shows the main character sitting at a desk with a computer and his Saint Bernard at his side"
                          class="book-cover"
                          data-testid="book-cover"
                          height="2400"
                          src="./books/scambait/scambait-flat-cover-international-book-awards-readers-favorite-sticker.png"
                          width="1650"
                        />
                      </div>
                      <h3
                        class="book-title"
                      >
                        Scambait
                      </h3>
                      <p>
                        The International Book Awards finalist in Humor and Satire that asks, "Who scams the scammers?"
                      </p>
                      <button
                        class="btn-secondary"
                      >
                        <a
                          href="/books"
                        >
                          Read more
                        </a>
                      </button>
                    </div>
                  </div>
                </a>
                <a
                  href="/books"
                >
                  <div>
                    <div
                      class="book-container grow-on-hover"
                    >
                      <div
                        class="book-cover-frame"
                        style="aspect-ratio: 1800 / 2700;"
                      >
                        <img
                          alt="The black cover of the book And Ampersand by Ryan R. Campbell, which features two large ampersands in gold and white, respectively"
                          class="book-cover"
                          data-testid="book-cover"
                          height="2700"
                          src="./books/and-ampersand/and-ampersand-flat-cover.png"
                          width="1800"
                        />
                      </div>
                      <h3
                        class="book-title"
                      >
                        And Ampersand
                      </h3>
                      <p>
                        A collection of short fiction that begins with endings, ends with beginnings, and elevates feel over form.
                      </p>
                      <button
                        class="btn-secondary"
                      >
                        <a
                          href="/books"
                        >
                          Read more
                        </a>
                      </button>
                    </div>
                  </div>
                </a>
              </div>
            </div>
          </div>
        </section>
      </main>
      <div
        data-testid="analytics"
      />
      <div
        data-testid="speed-insights"
      />
      <footer
        class="Footer"
        id="contact"
      >
        <div
          class="footer-inner"
        >
          <div
            class="footer-brand"
          >
            <a
              aria-label="Home"
              class="footer-wordmark"
              href="/"
            >
              ryan r
              <span
                class="footer-dot"
              >
                .
              </span>
               campbell
            </a>
            <p
              class="footer-tagline"
            >
              Software engineer & author based in Milwaukee, WI.
            </p>
          </div>
          <nav
            aria-label="Footer navigation"
            class="footer-nav"
          >
            <span
              class="footer-nav-label"
            >
              Navigate
            </span>
            <ul>
              <li>
                <a
                  href="/"
                >
                  Home
                </a>
              </li>
              <li>
                <a
                  href="/about"
                >
                  About
                </a>
              </li>
              <li>
                <a
                  href="/resume"
                >
                  Resume
                </a>
              </li>
              <li>
                <a
                  href="/ai"
                >
                  AI
                </a>
              </li>
              <li>
                <a
                  href="https://ryanrcampbell.substack.com"
                  rel="noopener noreferrer"
                  target="_blank"
                >
                  Writing
                </a>
              </li>
              <li>
                <a
                  href="/books"
                >
                  Books
                </a>
              </li>
              <li>
                <a
                  href="/podcasts"
                >
                  Archive
                </a>
              </li>
              <li>
                <a
                  href="/contact"
                >
                  Contact
                </a>
              </li>
            </ul>
          </nav>
          <div
            class="footer-connect"
          >
            <span
              class="footer-nav-label"
            >
              Connect
            </span>
            <ul>
              <li>
                <a
                  href="https://www.linkedin.com/in/ryan-r-campbell/"
                  rel="noopener noreferrer"
                  target="_blank"
                >
                  LinkedIn
                </a>
              </li>
              <li>
                <a
                  href="https://ryanrcampbell.substack.com"
                  rel="noopener noreferrer"
                  target="_blank"
                >
                  Substack
                </a>
              </li>
              <li>
                <a
                  href="https://github.com/rrcampbell-exe"
                  rel="noopener noreferrer"
                  target="_blank"
                >
                  GitHub
                </a>
              </li>
            </ul>
          </div>
          <div
            class="footer-contact"
          >
            <span
              class="footer-nav-label"
            >
              Contact (Gmail)
            </span>
            <div
              class="footer-contact__grid"
            >
              <div>
                <p
                  class="footer-contact__label"
                >
                  tech inquiries
                </p>
                <p>
                  campbell.ryan.r
                </p>
              </div>
              <div>
                <p
                  class="footer-contact__label"
                >
                  author inquiries
                </p>
                <p>
                  rrcampbellwrites
                </p>
              </div>
            </div>
          </div>
        </div>
        <div
          class="footer-bottom"
        >
          <span>
            © 2012 – 
            2026
             Ryan R. Campbell
          </span>
        </div>
      </footer>
    </div>
  </div>,
  "debug": [Function],
  "findAllByAltText": [Function],
  "findAllByDisplayValue": [Function],
  "findAllByLabelText": [Function],
  "findAllByPlaceholderText": [Function],
  "findAllByRole": [Function],
  "findAllByTestId": [Function],
  "findAllByText": [Function],
  "findAllByTitle": [Function],
  "findByAltText": [Function],
  "findByDisplayValue": [Function],
  "findByLabelText": [Function],
  "findByPlaceholderText": [Function],
  "findByRole": [Function],
  "findByTestId": [Function],
  "findByText": [Function],
  "findByTitle": [Function],
  "getAllByAltText": [Function],
  "getAllByDisplayValue": [Function],
  "getAllByLabelText": [Function],
  "getAllByPlaceholderText": [Function],
  "getAllByRole": [Function],
  "getAllByTestId": [Function],
  "getAllByText": [Function],
  "getAllByTitle": [Function],
  "getByAltText": [Function],
  "getByDisplayValue": [Function],
  "getByLabelText": [Function],
  "getByPlaceholderText": [Function],
  "getByRole": [Function],
  "getByTestId": [Function],
  "getByText": [Function],
  "getByTitle": [Function],
  "queryAllByAltText": [Function],
  "queryAllByDisplayValue": [Function],
  "queryAllByLabelText": [Function],
  "queryAllByPlaceholderText": [Function],
  "queryAllByRole": [Function],
  "queryAllByTestId": [Function],
  "queryAllByText": [Function],
  "queryAllByTitle": [Function],
  "queryByAltText": [Function],
  "queryByDisplayValue": [Function],
  "queryByLabelText": [Function],
  "queryByPlaceholderText": [Function],
  "queryByRole": [Function],
  "queryByTestId": [Function],
  "queryByText": [Function],
  "queryByTitle": [Function],
  "rerender": [Function],
  "unmount": [Function],
}
`;
