// Vitest Snapshot v1, https://vitest.dev/guide/snapshot.html

exports[`PodcastLanding > default snapshot 1`] = `
{
  "asFragment": [Function],
  "baseElement": <body>
    <div>
      <div
        class="undefined"
      >
        <header
          class="Header"
        >
          <a
            aria-label="Home"
            class="link wordmark-link"
            href="/"
          >
            <span
              class="wordmark"
            >
              ryan r
              <span
                class="wordmark-dot"
              >
                .
              </span>
               campbell
            </span>
            <span
              aria-hidden="true"
              class="page-subtitle"
            >
              podcaster | community-builder
            </span>
          </a>
          <nav
            aria-label="Site navigation"
            class="header-nav"
          >
            <a
              aria-current="page"
              class="header-nav__link active"
              href="/"
            >
              home
            </a>
            <a
              class="header-nav__link"
              href="/about"
            >
              about
            </a>
            <a
              class="header-nav__link"
              href="https://ryanrcampbell.substack.com"
              rel="noopener noreferrer"
              target="_blank"
            >
              writing
            </a>
            <a
              class="header-nav__link"
              href="/books"
            >
              books
            </a>
            <a
              class="header-nav__link"
              href="/podcasts"
            >
              archive
            </a>
          </nav>
          <div
            class="header-toggles"
          >
            <div
              class="Hamburger-menu "
              data-testid="menu"
            >
              <button
                aria-controls="mobile-navigation"
                aria-expanded="false"
                aria-label="Open navigation menu"
                class="hamburger-trigger"
                type="button"
              >
                <svg
                  id="hamburger-icon"
                  version="1.1"
                  viewBox="0 0 24 24"
                  xmlns="http://www.w3.org/2000/svg"
                  xmlns:xlink="http://www.w3.org/1999/xlink"
                >
                  <title>
                    Menu
                  </title>
                  <g
                    fill="none"
                    fill-rule="evenodd"
                    id="Page-1"
                    stroke="none"
                    stroke-width="1"
                  >
                    <g
                      id="Menu"
                    >
                      <rect
                        fill-rule="nonzero"
                        height="24"
                        id="Rectangle"
                        width="24"
                        x="0"
                        y="0"
                      />
                      <line
                        id="Path"
                        stroke-linecap="round"
                        stroke-width="1.5"
                        x1="5"
                        x2="19"
                        y1="7"
                        y2="7"
                      />
                      <line
                        id="Path"
                        stroke-linecap="round"
                        stroke-width="1.5"
                        x1="5"
                        x2="19"
                        y1="17"
                        y2="17"
                      />
                      <line
                        id="Path"
                        stroke-linecap="round"
                        stroke-width="1.5"
                        x1="5"
                        x2="19"
                        y1="12"
                        y2="12"
                      />
                    </g>
                  </g>
                </svg>
              </button>
            </div>
          </div>
        </header>
        <nav
          class="SubNav"
        >
          <div
            class="section"
          >
            <a
              href="#about"
            >
              about
            </a>
          </div>
          <div
            class="section"
          >
            <a
              href="#podcast-player"
            >
              podcast player
            </a>
          </div>
          <div
            class="section"
          >
            <a
              href="#all-episodes"
            >
              all episodes
            </a>
          </div>
        </nav>
        <main
          class="Podcast"
        >
          <div
            class="media-text-row section-wrapper section-band"
            id="about"
          >
            <div>
              <img
                alt="The Writescast Network logo"
                class="feature-img"
                src="./podcasts/writescast-network-circle-logo.png"
              />
            </div>
            <div
              class="section-wrapper media-text-row__body"
            >
              <h2>
                about
              </h2>
              <p>
                Founded in 2016, the Writescast Network reaches tens of thousands of writers and creatives around the globe. It may have ceased broadcasting new episodes in December of 2020, but it lives on here for streaming any time, anywhere.
              </p>
            </div>
          </div>
          <div
            class="podcast-player"
            id="podcast-player"
          >
            <div
              class="Loading"
              style="height: 400px;"
            >
              <div
                class="loader-content"
              >
                <svg
                  fill="none"
                  height="45px"
                  id="microphone-svg"
                  viewBox="0 0 24 24"
                  width="45px"
                  xmlns="http://www.w3.org/2000/svg"
                >
                  <path
                    d="M19 10V12C19 15.866 15.866 19 12 19M5 10V12C5 15.866 8.13401 19 12 19M12 19V22M8 22H16M15 6H13M15 10H13M12 15C10.3431 15 9 13.6569 9 12V5C9 3.34315 10.3431 2 12 2C13.6569 2 15 3.34315 15 5V12C15 13.6569 13.6569 15 12 15Z"
                    stroke="#000000"
                    stroke-linecap="round"
                    stroke-linejoin="round"
                    stroke-width="2"
                  />
                </svg>
                <p>
                  loading...
                </p>
              </div>
            </div>
            <iframe
              border="0"
              height="0"
              src="https://pinecast.com/embed/player_playlist/the-writescast-network?color.primary=%23000000&color.secondary=%23cbd3da&color.accent=%23df633b"
              style="border: 0px; border-radius: 4px;"
              title="A playlist of the 100 most-recent Writescast Network episodes"
            />
          </div>
          <div
            class="ContentHub"
            id="all-episodes"
          >
            <div
              class="ContentTeaser"
            >
              <div>
                <div
                  class="content-post grow-on-hover"
                >
                  <img
                    alt="A headshot of the episode's guest"
                    class="cover-image"
                    src="https://storage.pinecast.net/podcasts/517076a7-8734-40ed-b67f-c3d3284a137d/image/c383bb8c-ad6d-445f-a783-7bc734d879a2/2020DanSchiroAuthorPhotoWritescastGuest.png"
                  />
                  <h3>
                    A Final Conversation with Dan Schiro - Writescast 100
                  </h3>
                  <span>
                    Released on 
                    December 11, 2020
                  </span>
                  <p>
                    Okay, so this isn't the final conversation I'll ever have with Dan Schiro, but it is the final conversation to be broadcast by the Writescast Network. 
                  </p>
                  <a
                    href="https://ryanrcampbell.com/podcast/a-final-conversation-with-dan-schiro-writescast-100/"
                  >
                    listen here
                  </a>
                  <div
                    class="content-post-underline"
                  />
                </div>
              </div>
              <div>
                <div
                  class="content-post grow-on-hover"
                >
                  <img
                    alt="A headshot of the episode's guest"
                    class="cover-image"
                    src="https://storage.pinecast.net/podcasts/517076a7-8734-40ed-b67f-c3d3284a137d/image/e759cfd3-56b5-4080-8722-65ff96a377f1/2020WritescastNetworkLaceyPhoto.png"
                  />
                  <h3>
                    A Reader's Perspective with Lacey - Writescast 099
                  </h3>
                  <span>
                    Released on 
                    December 4, 2020
                  </span>
                  <p>
                    For the penultimate episode of Writescast Network programming, I'm joined by an avid reader who just so happens to be my wife. Over the course of our discussion, we chat about what gets her to pick a book off a shelf, what keeps her engrossed while reading, and what will have her shelving a book just as fast as she picked it up.
                  </p>
                  <a
                    href="https://ryanrcampbell.com/podcast/a-readers-perspective-with-lacey-writescast-099/"
                  >
                    listen here
                  </a>
                  <div
                    class="content-post-underline"
                  />
                </div>
              </div>
              <div>
                <div
                  class="content-post grow-on-hover"
                >
                  <img
                    alt="A headshot of the episode's guest"
                    class="cover-image"
                    src="https://storage.pinecast.net/podcasts/517076a7-8734-40ed-b67f-c3d3284a137d/image/96687bee-289d-4085-b2c3-e80b7f872ca9/2020WritescastSarahSmithAuthorPhoto.png"
                  />
                  <h3>
                    Simmering Down with Sarah Smith - Writescast 098
                  </h3>
                  <span>
                    Released on 
                    November 27, 2020
                  </span>
                  <p>
                    Sarah Smith joins the show to discuss her most recent release, SIMMER DOWN, along with what got her into writing romance in the first place, among other topics.
                  </p>
                  <a
                    href="https://ryanrcampbell.com/podcast/simmering-down-with-sarah-smith-writescast-098/"
                  >
                    listen here
                  </a>
                  <div
                    class="content-post-underline"
                  />
                </div>
              </div>
              <div>
                <div
                  class="content-post grow-on-hover"
                >
                  <img
                    alt="A headshot of the episode's guest"
                    class="cover-image"
                    src="https://storage.pinecast.net/podcasts/517076a7-8734-40ed-b67f-c3d3284a137d/image/55e10d7c-661e-4876-b3ce-d4abe84c8013/2020M.A.HinkleAuthorPhoto.png"
                  />
                  <h3>
                    You're Not Your Author You featuring M.A. Hinkle - Writescast 097
                  </h3>
                  <span>
                    Released on 
                    November 20, 2020
                  </span>
                  <p>
                    Author M.A. Hinkle discusses the importance of separating one's personal identity from one's writerly self, as well as how writers can go about surviving the, well, gestures broadly, we confront on a daily basis.
                  </p>
                  <a
                    href="https://ryanrcampbell.com/podcast/youre-not-your-author-you-featuring-m-a-hinkle-writescast-097/"
                  >
                    listen here
                  </a>
                  <div
                    class="content-post-underline"
                  />
                </div>
              </div>
              <div>
                <div
                  class="content-post grow-on-hover"
                >
                  <img
                    alt="A headshot of the episode's guest"
                    class="cover-image"
                    src="https://storage.pinecast.net/podcasts/517076a7-8734-40ed-b67f-c3d3284a137d/image/0f544bf8-18be-4d76-a377-78b2ef5ea354/2020AuthorPhotoLindsayWeisner.jpg"
                  />
                  <h3>
                    Ten Steps to Finding Happiness featuring Dr. Lindsay Weisner - Writescast 096
                  </h3>
                  <span>
                    Released on 
                    November 13, 2020
                  </span>
                  <p>
                    Dr. Lindsay Weisner discusses her ten steps for finding happiness while pursuing one's creative endeavors.
                  </p>
                  <a
                    href="https://ryanrcampbell.com/podcast/ten-steps-to-finding-happiness-featuring-dr-lindsay-weisner-writescast-096/"
                  >
                    listen here
                  </a>
                  <div
                    class="content-post-underline"
                  />
                </div>
              </div>
              <div>
                <div
                  class="content-post grow-on-hover"
                >
                  <img
                    alt="A headshot of the episode's guest"
                    class="cover-image"
                    src="https://storage.pinecast.net/podcasts/517076a7-8734-40ed-b67f-c3d3284a137d/image/b84715ec-087c-4bc0-a471-fca8cbacaa46/2020WritescastLaurieScheerFeaturedImage.png"
                  />
                  <h3>
                    On Letting Go featuring Laurie Scheer - Writescast 095
                  </h3>
                  <span>
                    Released on 
                    November 6, 2020
                  </span>
                  <p>
                    After an important update on the future of the Writescast Network from host r.r. campbell, Writers' Institute Director Laurie Scheer returns to the show to discuss the dissolution of the University of Wisconsin's Continued Studies in Writing program.
                  </p>
                  <a
                    href="https://ryanrcampbell.com/podcast/on-letting-go-featuring-laurie-scheer-writescast-095/"
                  >
                    listen here
                  </a>
                  <div
                    class="content-post-underline"
                  />
                </div>
              </div>
              <div>
                <div
                  class="content-post grow-on-hover"
                >
                  <img
                    alt="A headshot of the episode's guest"
                    class="cover-image"
                    src="https://storage.pinecast.net/podcasts/517076a7-8734-40ed-b67f-c3d3284a137d/image/233f9ff4-afe2-45cf-ba6d-c77e79bfef65/2020BiblioBreakdownLogo.png"
                  />
                  <h3>
                    Keeping Readers on Their Toes - Biblio Breakdown 007
                  </h3>
                  <span>
                    Released on 
                    October 30, 2020
                  </span>
                  <p>
                    How can we keep readers on their toes? What writing exercises can you do to keep those readers tiptoeing about your pages? In this episode, Ekta Garg explores just that with help from Nick Spalding's LOGGING OFF.
                  </p>
                  <a
                    href="https://ryanrcampbell.com/podcast/keeping-readers-on-their-toes-biblio-breakdown-007/"
                  >
                    listen here
                  </a>
                  <div
                    class="content-post-underline"
                  />
                </div>
              </div>
              <div>
                <div
                  class="content-post grow-on-hover"
                >
                  <img
                    alt="A headshot of the episode's guest"
                    class="cover-image"
                    src="https://i0.wp.com/ryanrcampbell.com/wp-content/uploads/2020/10/2020-Carol-VanDenHende-Featured-Image.png?fit=1080%2C1080&ssl=1"
                  />
                  <h3>
                    Five Principles for Book Cover Design featuring Carol VanDenHende - Writescast 094
                  </h3>
                  <span>
                    Released on 
                    October 16, 2020
                  </span>
                  <p>
                    Go ahead: judge a book by its cover. With author and marketer Carol VanDenHende's five principles for book cover design, you'll better understand what makes for a quality cover and how you can be a more constructive participant in the cover design process.
                  </p>
                  <a
                    href="https://ryanrcampbell.com/podcast/five-principles-for-book-cover-design-featuring-carol-vandenhende-writescast-094/"
                  >
                    listen here
                  </a>
                  <div
                    class="content-post-underline"
                  />
                </div>
              </div>
              <div>
                <div
                  class="content-post grow-on-hover"
                >
                  <img
                    alt="A headshot of the episode's guest"
                    class="cover-image"
                    src="https://storage.pinecast.net/podcasts/517076a7-8734-40ed-b67f-c3d3284a137d/image/22464bda-bc6c-4c33-b1c9-3eafde907c03/2020MaryJaneCappsAuthorFeaturedImage.png"
                  />
                  <h3>
                    Overcoming Impostor Syndrome featuring Mary Jane Capps - Writescast 093
                  </h3>
                  <span>
                    Released on 
                    October 9, 2020
                  </span>
                  <p>
                    Author of young adult paranormal fiction Mary Jane Capps joins us for a discussion about a truly spooky subject: impostor syndrome. What is it and how can we overcome it? You'll have to tune in to find out.
                  </p>
                  <a
                    href="https://ryanrcampbell.com/podcast/overcoming-impostor-syndrome-featuring-mary-jane-capps-writescast-093/"
                  >
                    listen here
                  </a>
                  <div
                    class="content-post-underline"
                  />
                </div>
              </div>
            </div>
            <div
              class="content-hub-nav"
            >
              <button>
                Load more episodes
              </button>
            </div>
          </div>
        </main>
        <div
          data-testid="analytics"
        />
        <div
          data-testid="speed-insights"
        />
        <footer
          class="Footer"
          id="contact"
        >
          <div
            class="footer-inner"
          >
            <div
              class="footer-brand"
            >
              <a
                aria-label="Home"
                class="footer-wordmark"
                href="/"
              >
                ryan r
                <span
                  class="footer-dot"
                >
                  .
                </span>
                 campbell
              </a>
              <p
                class="footer-tagline"
              >
                Software engineer & author based in Milwaukee, WI.
              </p>
            </div>
            <nav
              aria-label="Footer navigation"
              class="footer-nav"
            >
              <span
                class="footer-nav-label"
              >
                Navigate
              </span>
              <ul>
                <li>
                  <a
                    href="/"
                  >
                    Home
                  </a>
                </li>
                <li>
                  <a
                    href="/about"
                  >
                    About
                  </a>
                </li>
                <li>
                  <a
                    href="https://ryanrcampbell.substack.com"
                    rel="noopener noreferrer"
                    target="_blank"
                  >
                    Writing
                  </a>
                </li>
                <li>
                  <a
                    href="/books"
                  >
                    Books
                  </a>
                </li>
                <li>
                  <a
                    href="/podcasts"
                  >
                    Archive
                  </a>
                </li>
                <li>
                  <a
                    href="/contact"
                  >
                    Contact
                  </a>
                </li>
              </ul>
            </nav>
            <div
              class="footer-connect"
            >
              <span
                class="footer-nav-label"
              >
                Connect
              </span>
              <ul>
                <li>
                  <a
                    href="https://www.linkedin.com/in/ryan-r-campbell/"
                    rel="noopener noreferrer"
                    target="_blank"
                  >
                    LinkedIn
                  </a>
                </li>
                <li>
                  <a
                    href="https://ryanrcampbell.substack.com"
                    rel="noopener noreferrer"
                    target="_blank"
                  >
                    Substack
                  </a>
                </li>
                <li>
                  <a
                    href="https://github.com/rrcampbell-exe"
                    rel="noopener noreferrer"
                    target="_blank"
                  >
                    GitHub
                  </a>
                </li>
              </ul>
            </div>
            <div
              class="footer-contact"
            >
              <span
                class="footer-nav-label"
              >
                Contact (Gmail)
              </span>
              <div
                class="footer-contact__grid"
              >
                <div>
                  <p
                    class="footer-contact__label"
                  >
                    tech inquiries
                  </p>
                  <p>
                    campbell.ryan.r
                  </p>
                </div>
                <div>
                  <p
                    class="footer-contact__label"
                  >
                    author inquiries
                  </p>
                  <p>
                    rrcampbellwrites
                  </p>
                </div>
              </div>
            </div>
          </div>
          <div
            class="footer-bottom"
          >
            <span>
              © 2012 – 
              2026
               Ryan R. Campbell
            </span>
          </div>
        </footer>
      </div>
    </div>
  </body>,
  "container": <div>
    <div
      class="undefined"
    >
      <header
        class="Header"
      >
        <a
          aria-label="Home"
          class="link wordmark-link"
          href="/"
        >
          <span
            class="wordmark"
          >
            ryan r
            <span
              class="wordmark-dot"
            >
              .
            </span>
             campbell
          </span>
          <span
            aria-hidden="true"
            class="page-subtitle"
          >
            podcaster | community-builder
          </span>
        </a>
        <nav
          aria-label="Site navigation"
          class="header-nav"
        >
          <a
            aria-current="page"
            class="header-nav__link active"
            href="/"
          >
            home
          </a>
          <a
            class="header-nav__link"
            href="/about"
          >
            about
          </a>
          <a
            class="header-nav__link"
            href="https://ryanrcampbell.substack.com"
            rel="noopener noreferrer"
            target="_blank"
          >
            writing
          </a>
          <a
            class="header-nav__link"
            href="/books"
          >
            books
          </a>
          <a
            class="header-nav__link"
            href="/podcasts"
          >
            archive
          </a>
        </nav>
        <div
          class="header-toggles"
        >
          <div
            class="Hamburger-menu "
            data-testid="menu"
          >
            <button
              aria-controls="mobile-navigation"
              aria-expanded="false"
              aria-label="Open navigation menu"
              class="hamburger-trigger"
              type="button"
            >
              <svg
                id="hamburger-icon"
                version="1.1"
                viewBox="0 0 24 24"
                xmlns="http://www.w3.org/2000/svg"
                xmlns:xlink="http://www.w3.org/1999/xlink"
              >
                <title>
                  Menu
                </title>
                <g
                  fill="none"
                  fill-rule="evenodd"
                  id="Page-1"
                  stroke="none"
                  stroke-width="1"
                >
                  <g
                    id="Menu"
                  >
                    <rect
                      fill-rule="nonzero"
                      height="24"
                      id="Rectangle"
                      width="24"
                      x="0"
                      y="0"
                    />
                    <line
                      id="Path"
                      stroke-linecap="round"
                      stroke-width="1.5"
                      x1="5"
                      x2="19"
                      y1="7"
                      y2="7"
                    />
                    <line
                      id="Path"
                      stroke-linecap="round"
                      stroke-width="1.5"
                      x1="5"
                      x2="19"
                      y1="17"
                      y2="17"
                    />
                    <line
                      id="Path"
                      stroke-linecap="round"
                      stroke-width="1.5"
                      x1="5"
                      x2="19"
                      y1="12"
                      y2="12"
                    />
                  </g>
                </g>
              </svg>
            </button>
          </div>
        </div>
      </header>
      <nav
        class="SubNav"
      >
        <div
          class="section"
        >
          <a
            href="#about"
          >
            about
          </a>
        </div>
        <div
          class="section"
        >
          <a
            href="#podcast-player"
          >
            podcast player
          </a>
        </div>
        <div
          class="section"
        >
          <a
            href="#all-episodes"
          >
            all episodes
          </a>
        </div>
      </nav>
      <main
        class="Podcast"
      >
        <div
          class="media-text-row section-wrapper section-band"
          id="about"
        >
          <div>
            <img
              alt="The Writescast Network logo"
              class="feature-img"
              src="./podcasts/writescast-network-circle-logo.png"
            />
          </div>
          <div
            class="section-wrapper media-text-row__body"
          >
            <h2>
              about
            </h2>
            <p>
              Founded in 2016, the Writescast Network reaches tens of thousands of writers and creatives around the globe. It may have ceased broadcasting new episodes in December of 2020, but it lives on here for streaming any time, anywhere.
            </p>
          </div>
        </div>
        <div
          class="podcast-player"
          id="podcast-player"
        >
          <div
            class="Loading"
            style="height: 400px;"
          >
            <div
              class="loader-content"
            >
              <svg
                fill="none"
                height="45px"
                id="microphone-svg"
                viewBox="0 0 24 24"
                width="45px"
                xmlns="http://www.w3.org/2000/svg"
              >
                <path
                  d="M19 10V12C19 15.866 15.866 19 12 19M5 10V12C5 15.866 8.13401 19 12 19M12 19V22M8 22H16M15 6H13M15 10H13M12 15C10.3431 15 9 13.6569 9 12V5C9 3.34315 10.3431 2 12 2C13.6569 2 15 3.34315 15 5V12C15 13.6569 13.6569 15 12 15Z"
                  stroke="#000000"
                  stroke-linecap="round"
                  stroke-linejoin="round"
                  stroke-width="2"
                />
              </svg>
              <p>
                loading...
              </p>
            </div>
          </div>
          <iframe
            border="0"
            height="0"
            src="https://pinecast.com/embed/player_playlist/the-writescast-network?color.primary=%23000000&color.secondary=%23cbd3da&color.accent=%23df633b"
            style="border: 0px; border-radius: 4px;"
            title="A playlist of the 100 most-recent Writescast Network episodes"
          />
        </div>
        <div
          class="ContentHub"
          id="all-episodes"
        >
          <div
            class="ContentTeaser"
          >
            <div>
              <div
                class="content-post grow-on-hover"
              >
                <img
                  alt="A headshot of the episode's guest"
                  class="cover-image"
                  src="https://storage.pinecast.net/podcasts/517076a7-8734-40ed-b67f-c3d3284a137d/image/c383bb8c-ad6d-445f-a783-7bc734d879a2/2020DanSchiroAuthorPhotoWritescastGuest.png"
                />
                <h3>
                  A Final Conversation with Dan Schiro - Writescast 100
                </h3>
                <span>
                  Released on 
                  December 11, 2020
                </span>
                <p>
                  Okay, so this isn't the final conversation I'll ever have with Dan Schiro, but it is the final conversation to be broadcast by the Writescast Network. 
                </p>
                <a
                  href="https://ryanrcampbell.com/podcast/a-final-conversation-with-dan-schiro-writescast-100/"
                >
                  listen here
                </a>
                <div
                  class="content-post-underline"
                />
              </div>
            </div>
            <div>
              <div
                class="content-post grow-on-hover"
              >
                <img
                  alt="A headshot of the episode's guest"
                  class="cover-image"
                  src="https://storage.pinecast.net/podcasts/517076a7-8734-40ed-b67f-c3d3284a137d/image/e759cfd3-56b5-4080-8722-65ff96a377f1/2020WritescastNetworkLaceyPhoto.png"
                />
                <h3>
                  A Reader's Perspective with Lacey - Writescast 099
                </h3>
                <span>
                  Released on 
                  December 4, 2020
                </span>
                <p>
                  For the penultimate episode of Writescast Network programming, I'm joined by an avid reader who just so happens to be my wife. Over the course of our discussion, we chat about what gets her to pick a book off a shelf, what keeps her engrossed while reading, and what will have her shelving a book just as fast as she picked it up.
                </p>
                <a
                  href="https://ryanrcampbell.com/podcast/a-readers-perspective-with-lacey-writescast-099/"
                >
                  listen here
                </a>
                <div
                  class="content-post-underline"
                />
              </div>
            </div>
            <div>
              <div
                class="content-post grow-on-hover"
              >
                <img
                  alt="A headshot of the episode's guest"
                  class="cover-image"
                  src="https://storage.pinecast.net/podcasts/517076a7-8734-40ed-b67f-c3d3284a137d/image/96687bee-289d-4085-b2c3-e80b7f872ca9/2020WritescastSarahSmithAuthorPhoto.png"
                />
                <h3>
                  Simmering Down with Sarah Smith - Writescast 098
                </h3>
                <span>
                  Released on 
                  November 27, 2020
                </span>
                <p>
                  Sarah Smith joins the show to discuss her most recent release, SIMMER DOWN, along with what got her into writing romance in the first place, among other topics.
                </p>
                <a
                  href="https://ryanrcampbell.com/podcast/simmering-down-with-sarah-smith-writescast-098/"
                >
                  listen here
                </a>
                <div
                  class="content-post-underline"
                />
              </div>
            </div>
            <div>
              <div
                class="content-post grow-on-hover"
              >
                <img
                  alt="A headshot of the episode's guest"
                  class="cover-image"
                  src="https://storage.pinecast.net/podcasts/517076a7-8734-40ed-b67f-c3d3284a137d/image/55e10d7c-661e-4876-b3ce-d4abe84c8013/2020M.A.HinkleAuthorPhoto.png"
                />
                <h3>
                  You're Not Your Author You featuring M.A. Hinkle - Writescast 097
                </h3>
                <span>
                  Released on 
                  November 20, 2020
                </span>
                <p>
                  Author M.A. Hinkle discusses the importance of separating one's personal identity from one's writerly self, as well as how writers can go about surviving the, well, gestures broadly, we confront on a daily basis.
                </p>
                <a
                  href="https://ryanrcampbell.com/podcast/youre-not-your-author-you-featuring-m-a-hinkle-writescast-097/"
                >
                  listen here
                </a>
                <div
                  class="content-post-underline"
                />
              </div>
            </div>
            <div>
              <div
                class="content-post grow-on-hover"
              >
                <img
                  alt="A headshot of the episode's guest"
                  class="cover-image"
                  src="https://storage.pinecast.net/podcasts/517076a7-8734-40ed-b67f-c3d3284a137d/image/0f544bf8-18be-4d76-a377-78b2ef5ea354/2020AuthorPhotoLindsayWeisner.jpg"
                />
                <h3>
                  Ten Steps to Finding Happiness featuring Dr. Lindsay Weisner - Writescast 096
                </h3>
                <span>
                  Released on 
                  November 13, 2020
                </span>
                <p>
                  Dr. Lindsay Weisner discusses her ten steps for finding happiness while pursuing one's creative endeavors.
                </p>
                <a
                  href="https://ryanrcampbell.com/podcast/ten-steps-to-finding-happiness-featuring-dr-lindsay-weisner-writescast-096/"
                >
                  listen here
                </a>
                <div
                  class="content-post-underline"
                />
              </div>
            </div>
            <div>
              <div
                class="content-post grow-on-hover"
              >
                <img
                  alt="A headshot of the episode's guest"
                  class="cover-image"
                  src="https://storage.pinecast.net/podcasts/517076a7-8734-40ed-b67f-c3d3284a137d/image/b84715ec-087c-4bc0-a471-fca8cbacaa46/2020WritescastLaurieScheerFeaturedImage.png"
                />
                <h3>
                  On Letting Go featuring Laurie Scheer - Writescast 095
                </h3>
                <span>
                  Released on 
                  November 6, 2020
                </span>
                <p>
                  After an important update on the future of the Writescast Network from host r.r. campbell, Writers' Institute Director Laurie Scheer returns to the show to discuss the dissolution of the University of Wisconsin's Continued Studies in Writing program.
                </p>
                <a
                  href="https://ryanrcampbell.com/podcast/on-letting-go-featuring-laurie-scheer-writescast-095/"
                >
                  listen here
                </a>
                <div
                  class="content-post-underline"
                />
              </div>
            </div>
            <div>
              <div
                class="content-post grow-on-hover"
              >
                <img
                  alt="A headshot of the episode's guest"
                  class="cover-image"
                  src="https://storage.pinecast.net/podcasts/517076a7-8734-40ed-b67f-c3d3284a137d/image/233f9ff4-afe2-45cf-ba6d-c77e79bfef65/2020BiblioBreakdownLogo.png"
                />
                <h3>
                  Keeping Readers on Their Toes - Biblio Breakdown 007
                </h3>
                <span>
                  Released on 
                  October 30, 2020
                </span>
                <p>
                  How can we keep readers on their toes? What writing exercises can you do to keep those readers tiptoeing about your pages? In this episode, Ekta Garg explores just that with help from Nick Spalding's LOGGING OFF.
                </p>
                <a
                  href="https://ryanrcampbell.com/podcast/keeping-readers-on-their-toes-biblio-breakdown-007/"
                >
                  listen here
                </a>
                <div
                  class="content-post-underline"
                />
              </div>
            </div>
            <div>
              <div
                class="content-post grow-on-hover"
              >
                <img
                  alt="A headshot of the episode's guest"
                  class="cover-image"
                  src="https://i0.wp.com/ryanrcampbell.com/wp-content/uploads/2020/10/2020-Carol-VanDenHende-Featured-Image.png?fit=1080%2C1080&ssl=1"
                />
                <h3>
                  Five Principles for Book Cover Design featuring Carol VanDenHende - Writescast 094
                </h3>
                <span>
                  Released on 
                  October 16, 2020
                </span>
                <p>
                  Go ahead: judge a book by its cover. With author and marketer Carol VanDenHende's five principles for book cover design, you'll better understand what makes for a quality cover and how you can be a more constructive participant in the cover design process.
                </p>
                <a
                  href="https://ryanrcampbell.com/podcast/five-principles-for-book-cover-design-featuring-carol-vandenhende-writescast-094/"
                >
                  listen here
                </a>
                <div
                  class="content-post-underline"
                />
              </div>
            </div>
            <div>
              <div
                class="content-post grow-on-hover"
              >
                <img
                  alt="A headshot of the episode's guest"
                  class="cover-image"
                  src="https://storage.pinecast.net/podcasts/517076a7-8734-40ed-b67f-c3d3284a137d/image/22464bda-bc6c-4c33-b1c9-3eafde907c03/2020MaryJaneCappsAuthorFeaturedImage.png"
                />
                <h3>
                  Overcoming Impostor Syndrome featuring Mary Jane Capps - Writescast 093
                </h3>
                <span>
                  Released on 
                  October 9, 2020
                </span>
                <p>
                  Author of young adult paranormal fiction Mary Jane Capps joins us for a discussion about a truly spooky subject: impostor syndrome. What is it and how can we overcome it? You'll have to tune in to find out.
                </p>
                <a
                  href="https://ryanrcampbell.com/podcast/overcoming-impostor-syndrome-featuring-mary-jane-capps-writescast-093/"
                >
                  listen here
                </a>
                <div
                  class="content-post-underline"
                />
              </div>
            </div>
          </div>
          <div
            class="content-hub-nav"
          >
            <button>
              Load more episodes
            </button>
          </div>
        </div>
      </main>
      <div
        data-testid="analytics"
      />
      <div
        data-testid="speed-insights"
      />
      <footer
        class="Footer"
        id="contact"
      >
        <div
          class="footer-inner"
        >
          <div
            class="footer-brand"
          >
            <a
              aria-label="Home"
              class="footer-wordmark"
              href="/"
            >
              ryan r
              <span
                class="footer-dot"
              >
                .
              </span>
               campbell
            </a>
            <p
              class="footer-tagline"
            >
              Software engineer & author based in Milwaukee, WI.
            </p>
          </div>
          <nav
            aria-label="Footer navigation"
            class="footer-nav"
          >
            <span
              class="footer-nav-label"
            >
              Navigate
            </span>
            <ul>
              <li>
                <a
                  href="/"
                >
                  Home
                </a>
              </li>
              <li>
                <a
                  href="/about"
                >
                  About
                </a>
              </li>
              <li>
                <a
                  href="https://ryanrcampbell.substack.com"
                  rel="noopener noreferrer"
                  target="_blank"
                >
                  Writing
                </a>
              </li>
              <li>
                <a
                  href="/books"
                >
                  Books
                </a>
              </li>
              <li>
                <a
                  href="/podcasts"
                >
                  Archive
                </a>
              </li>
              <li>
                <a
                  href="/contact"
                >
                  Contact
                </a>
              </li>
            </ul>
          </nav>
          <div
            class="footer-connect"
          >
            <span
              class="footer-nav-label"
            >
              Connect
            </span>
            <ul>
              <li>
                <a
                  href="https://www.linkedin.com/in/ryan-r-campbell/"
                  rel="noopener noreferrer"
                  target="_blank"
                >
                  LinkedIn
                </a>
              </li>
              <li>
                <a
                  href="https://ryanrcampbell.substack.com"
                  rel="noopener noreferrer"
                  target="_blank"
                >
                  Substack
                </a>
              </li>
              <li>
                <a
                  href="https://github.com/rrcampbell-exe"
                  rel="noopener noreferrer"
                  target="_blank"
                >
                  GitHub
                </a>
              </li>
            </ul>
          </div>
          <div
            class="footer-contact"
          >
            <span
              class="footer-nav-label"
            >
              Contact (Gmail)
            </span>
            <div
              class="footer-contact__grid"
            >
              <div>
                <p
                  class="footer-contact__label"
                >
                  tech inquiries
                </p>
                <p>
                  campbell.ryan.r
                </p>
              </div>
              <div>
                <p
                  class="footer-contact__label"
                >
                  author inquiries
                </p>
                <p>
                  rrcampbellwrites
                </p>
              </div>
            </div>
          </div>
        </div>
        <div
          class="footer-bottom"
        >
          <span>
            © 2012 – 
            2026
             Ryan R. Campbell
          </span>
        </div>
      </footer>
    </div>
  </div>,
  "debug": [Function],
  "findAllByAltText": [Function],
  "findAllByDisplayValue": [Function],
  "findAllByLabelText": [Function],
  "findAllByPlaceholderText": [Function],
  "findAllByRole": [Function],
  "findAllByTestId": [Function],
  "findAllByText": [Function],
  "findAllByTitle": [Function],
  "findByAltText": [Function],
  "findByDisplayValue": [Function],
  "findByLabelText": [Function],
  "findByPlaceholderText": [Function],
  "findByRole": [Function],
  "findByTestId": [Function],
  "findByText": [Function],
  "findByTitle": [Function],
  "getAllByAltText": [Function],
  "getAllByDisplayValue": [Function],
  "getAllByLabelText": [Function],
  "getAllByPlaceholderText": [Function],
  "getAllByRole": [Function],
  "getAllByTestId": [Function],
  "getAllByText": [Function],
  "getAllByTitle": [Function],
  "getByAltText": [Function],
  "getByDisplayValue": [Function],
  "getByLabelText": [Function],
  "getByPlaceholderText": [Function],
  "getByRole": [Function],
  "getByTestId": [Function],
  "getByText": [Function],
  "getByTitle": [Function],
  "queryAllByAltText": [Function],
  "queryAllByDisplayValue": [Function],
  "queryAllByLabelText": [Function],
  "queryAllByPlaceholderText": [Function],
  "queryAllByRole": [Function],
  "queryAllByTestId": [Function],
  "queryAllByText": [Function],
  "queryAllByTitle": [Function],
  "queryByAltText": [Function],
  "queryByDisplayValue": [Function],
  "queryByLabelText": [Function],
  "queryByPlaceholderText": [Function],
  "queryByRole": [Function],
  "queryByTestId": [Function],
  "queryByText": [Function],
  "queryByTitle": [Function],
  "rerender": [Function],
  "unmount": [Function],
}
`;
