// Vitest Snapshot v1, https://vitest.dev/guide/snapshot.html

exports[`Boasts > Boasts default snapshot 1`] = `
<DocumentFragment>
  <div
    class="Boasts"
    data-testid="boasts"
  >
    <div
      class="boast-row"
    >
      <div
        class="boast-row__header"
      >
        <div
          aria-hidden="true"
          class="boast-row__icon"
        >
          <svg
            aria-hidden="true"
            class="lucide lucide-sparkles"
            fill="none"
            height="24"
            stroke="currentColor"
            stroke-linecap="round"
            stroke-linejoin="round"
            stroke-width="2"
            viewBox="0 0 24 24"
            width="24"
            xmlns="http://www.w3.org/2000/svg"
          >
            <path
              d="M11.017 2.814a1 1 0 0 1 1.966 0l1.051 5.558a2 2 0 0 0 1.594 1.594l5.558 1.051a1 1 0 0 1 0 1.966l-5.558 1.051a2 2 0 0 0-1.594 1.594l-1.051 5.558a1 1 0 0 1-1.966 0l-1.051-5.558a2 2 0 0 0-1.594-1.594l-5.558-1.051a1 1 0 0 1 0-1.966l5.558-1.051a2 2 0 0 0 1.594-1.594z"
            />
            <path
              d="M20 2v4"
            />
            <path
              d="M22 4h-4"
            />
            <circle
              cx="4"
              cy="20"
              r="2"
            />
          </svg>
        </div>
        <h3
          class="boast-row__category"
        >
          Building & Experimentation
        </h3>
      </div>
      <ul
        class="boast-row__achievements"
      >
        <li>
          Led the definition, design, and launch of Northwestern Mutual's enterprise AI Hub, including the NM Skills Library and MCP Registry
        </li>
        <li>
          Authored the organization's most-downloaded AI skill, contributing more than 15% of platform downloads
        </li>
        <li>
          Awarded "Most Innovative" in the 2024 Developer Experience Hackathon for an AI-powered application that analyzed internal Slack data
        </li>
        <li>
          Identified customer demand for a new pizza size and redesigned dough specifications and production workflows to support three sizes
        </li>
      </ul>
    </div>
    <div
      class="boast-row"
    >
      <div
        class="boast-row__header"
      >
        <div
          aria-hidden="true"
          class="boast-row__icon"
        >
          <svg
            aria-hidden="true"
            class="lucide lucide-users"
            fill="none"
            height="24"
            stroke="currentColor"
            stroke-linecap="round"
            stroke-linejoin="round"
            stroke-width="2"
            viewBox="0 0 24 24"
            width="24"
            xmlns="http://www.w3.org/2000/svg"
          >
            <path
              d="M16 21v-2a4 4 0 0 0-4-4H6a4 4 0 0 0-4 4v2"
            />
            <path
              d="M16 3.128a4 4 0 0 1 0 7.744"
            />
            <path
              d="M22 21v-2a4 4 0 0 0-3-3.87"
            />
            <circle
              cx="9"
              cy="7"
              r="4"
            />
          </svg>
        </div>
        <h3
          class="boast-row__category"
        >
          Leading & Enabling
        </h3>
      </div>
      <ul
        class="boast-row__achievements"
      >
        <li>
          Led cross-organizational research into AI adoption and translated findings into practical implementation recommendations
        </li>
        <li>
          Presented enterprise innovation strategy and organizational enablement recommendations to executive leadership, including the CEO
        </li>
        <li>
          Served as a primary mentor for interns and junior engineers through architecture reviews, onboarding, code reviews, and career conversations
        </li>
        <li>
          Co-chaired the Pathways Mentorship Program engagement committee to facilitate mentorship and talent development initiatives
        </li>
      </ul>
    </div>
    <div
      class="boast-row"
    >
      <div
        class="boast-row__header"
      >
        <div
          aria-hidden="true"
          class="boast-row__icon"
        >
          <svg
            aria-hidden="true"
            class="lucide lucide-book-open"
            fill="none"
            height="24"
            stroke="currentColor"
            stroke-linecap="round"
            stroke-linejoin="round"
            stroke-width="2"
            viewBox="0 0 24 24"
            width="24"
            xmlns="http://www.w3.org/2000/svg"
          >
            <path
              d="M12 7v14"
            />
            <path
              d="M3 18a1 1 0 0 1-1-1V4a1 1 0 0 1 1-1h5a4 4 0 0 1 4 4 4 4 0 0 1 4-4h5a1 1 0 0 1 1 1v13a1 1 0 0 1-1 1h-6a3 3 0 0 0-3 3 3 3 0 0 0-3-3z"
            />
          </svg>
        </div>
        <h3
          class="boast-row__category"
        >
          Teaching & Communicating
        </h3>
      </div>
      <ul
        class="boast-row__achievements"
      >
        <li>
          Designed and delivered educational programming, workshops, and presentations for UW Continuing Studies, the UW Writers' Institute, and Lakefly Writers Conference
        </li>
        <li>
          Built and grew the Writescast Network into a podcast platform producing 120+ episodes and reaching tens of thousands of listeners
        </li>
        <li>
          Published multiple award-recognized books while managing editing, production, marketing, distribution, and operations
        </li>
        <li>
          Founded and operated an independent publishing and education business, managing its strategy, technology, audience development, and day-to-day operations
        </li>
      </ul>
    </div>
  </div>
</DocumentFragment>
`;
