// Vitest Snapshot v1, https://vitest.dev/guide/snapshot.html

exports[`Books > Books default snapshot 1`] = `
<DocumentFragment>
  <div
    class="Books"
    data-testid="books"
  >
    <a
      href="/books"
    />
    <div>
      <a
        href="/books"
      />
      <div
        class="book-container grow-on-hover"
      >
        <a
          href="/books"
        >
          <img
            alt="Orange cover of the book Scambait by Ryan R. Campbell, which displays the book title and shows the main character sitting at a desk with a computer and his Saint Bernard at his side"
            class="book-cover"
            data-testid="book-cover"
            src="./books/scambait/scambait-flat-cover-international-book-awards-readers-favorite-sticker.png"
          />
          <h3
            class="book-title"
          >
            Scambait
          </h3>
          <p>
            The International Book Awards finalist in Humor and Satire that asks, "Who scams the scammers?"
          </p>
        </a>
        <a
          href="/books"
        >
          read more
        </a>
      </div>
    </div>
    <a
      href="/books"
    />
    <div>
      <a
        href="/books"
      />
      <div
        class="book-container grow-on-hover"
      >
        <a
          href="/books"
        >
          <img
            alt="The black cover of the book And Ampersand by Ryan R. Campbell, which features two large ampersands in gold and white, respectively"
            class="book-cover"
            data-testid="book-cover"
            src="./books/and-ampersand/and-ampersand-flat-cover.png"
          />
          <h3
            class="book-title"
          >
            And Ampersand
          </h3>
          <p>
            A collection of short fiction that begins with endings, ends with beginnings, and elevates feel over form.
          </p>
        </a>
        <a
          href="/books"
        >
          read more
        </a>
      </div>
    </div>
    <a
      href="/books"
    />
    <div>
      <a
        href="/books"
      />
      <div
        class="book-container grow-on-hover"
      >
        <a
          href="/books"
        >
          <img
            alt="The blue cover of the book Imminent Dawn by Ryan R. Campbell, which shows the silhouette of a woman against a backdrop of stars and circuitry"
            class="book-cover"
            data-testid="book-cover"
            src="./books/imminent-dawn/imminent-dawn-flat-cover-international-book-awards-sticker.png"
          />
          <h3
            class="book-title"
          >
            Imminent Dawn
          </h3>
          <p>
            The International Book Awards finalist and first installment in the EMPATHY sci-fi saga.
          </p>
        </a>
        <a
          href="/books"
        >
          read more
        </a>
      </div>
    </div>
    <a
      href="/books"
    />
    <div>
      <a
        href="/books"
      />
      <div
        class="book-container grow-on-hover"
      >
        <a
          href="/books"
        >
          <img
            alt="The golden cover of the book Mourning Dove by Ryan R. Campbell, which features the silhouettes of a woman with a backpack and a cat set against a technothriller-like web of connected dots"
            class="book-cover"
            data-testid="book-cover"
            src="./books/mourning-dove/mourning-dove-flat-cover.png"
          />
          <h3
            class="book-title"
          >
            Mourning Dove
          </h3>
          <p>
            An evocative, sweeping symphony of love, revenge, and desperation in cacophonous times.
          </p>
        </a>
        <a
          href="/books"
        >
          read more
        </a>
      </div>
    </div>
  </div>
</DocumentFragment>
`;
