// Vitest Snapshot v1, https://vitest.dev/guide/snapshot.html

exports[`Builds > default snapshot 1`] = `
<DocumentFragment>
  <div
    class="Builds"
  >
    <article
      class="build-tile"
      data-testid="build"
    >
      <div
        class="build-tile__logo-wrap"
      >
        <img
          alt="Cover art for the "R on Everything" podcast"
          class="build-tile__logo"
          src="./podcasts/r-on-everything-podcast-cover-art.png"
        />
      </div>
      <div
        class="build-tile__body"
      >
        <h3
          class="build-tile__title"
        >
          The R: On Everything Podcast
        </h3>
        <p
          class="build-tile__teaser"
        >
          At the intersection of technology, work, leadership, and culture.
        </p>
        <p
          class="build-tile__desc"
        >
          Ryan R. Campbell delves into the nuances of technology, work, leadership, and culture, offering insights and thought-provoking discussions.
        </p>
        <p
          class="build-tile__tech"
        />
        <iframe
          class="pinecast-embed"
          frameborder="0"
          height="24"
          scrolling="no"
          seamless=""
          src="https://pnc.st/s/r-on-everything/embed"
          width="100%"
        />
      </div>
      <div
        class="build-tile__links"
      >
        <a
          class="build-tile__link"
          href="https://r-on-everything.com/"
          rel="noopener noreferrer"
          target="_blank"
        >
          listen to the podcast
        </a>
      </div>
    </article>
    <article
      class="build-tile"
      data-testid="build"
    >
      <div
        class="build-tile__logo-wrap"
      >
        <img
          alt="A winter driveway at The Druids Den"
          class="build-tile__logo"
          src="./builds/druids-den-winter-driveway.jpg"
        />
      </div>
      <div
        class="build-tile__body"
      >
        <h3
          class="build-tile__title"
        >
          The Druids Den
        </h3>
        <p
          class="build-tile__teaser"
        >
          A northwoods Wisconsin escape.
        </p>
        <p
          class="build-tile__desc"
        >
          Nestled on 5½ private acres in the heart of Wisconsin's northwoods, the Druids Den offers a unique woodlands experience for those seeking relaxation and adventure alike.
        </p>
        <p
          class="build-tile__tech"
        />
      </div>
      <div
        class="build-tile__links"
      >
        <a
          class="build-tile__link"
          href="https://druidsdenwi.com/"
          rel="noopener noreferrer"
          target="_blank"
        >
          explore the retreat
        </a>
      </div>
    </article>
  </div>
</DocumentFragment>
`;
