// Vitest Snapshot v1, https://vitest.dev/guide/snapshot.html

exports[`Footer > default snapshot 1`] = `
<DocumentFragment>
  <footer
    class="Footer"
    id="contact"
  >
    <div
      class="footer-inner"
    >
      <div
        class="footer-brand"
      >
        <a
          aria-label="Home"
          class="footer-wordmark"
          href="/"
        >
          ryan r
          <span
            class="footer-dot"
          >
            .
          </span>
           campbell
        </a>
        <p
          class="footer-tagline"
        >
          Software engineer & author based in Milwaukee, WI.
        </p>
      </div>
      <nav
        aria-label="Footer navigation"
        class="footer-nav"
      >
        <span
          class="footer-nav-label"
        >
          Navigate
        </span>
        <ul>
          <li>
            <a
              href="/"
            >
              Home
            </a>
          </li>
          <li>
            <a
              href="/about"
            >
              About
            </a>
          </li>
          <li>
            <a
              href="/blog"
            >
              Writing
            </a>
          </li>
          <li>
            <a
              href="/books"
            >
              Books
            </a>
          </li>
          <li>
            <a
              href="/podcasts"
            >
              Archive
            </a>
          </li>
          <li>
            <a
              href="/contact"
            >
              Contact
            </a>
          </li>
        </ul>
      </nav>
      <div
        class="footer-connect"
      >
        <span
          class="footer-nav-label"
        >
          Connect
        </span>
        <ul>
          <li>
            <a
              href="https://www.linkedin.com/in/ryan-r-campbell/"
              rel="noopener noreferrer"
              target="_blank"
            >
              LinkedIn
            </a>
          </li>
          <li>
            <a
              href="https://ryanrcampbell.substack.com"
              rel="noopener noreferrer"
              target="_blank"
            >
              Substack
            </a>
          </li>
          <li>
            <a
              href="https://github.com/rrcampbell-exe"
              rel="noopener noreferrer"
              target="_blank"
            >
              GitHub
            </a>
          </li>
        </ul>
      </div>
      <div
        class="footer-contact"
      >
        <span
          class="footer-nav-label"
        >
          Contact (Gmail)
        </span>
        <div
          class="footer-contact__grid"
        >
          <div>
            <p
              class="footer-contact__label"
            >
              tech inquiries
            </p>
            <p>
              campbell.ryan.r
            </p>
          </div>
          <div>
            <p
              class="footer-contact__label"
            >
              author inquiries
            </p>
            <p>
              rrcampbellwrites
            </p>
          </div>
        </div>
      </div>
    </div>
    <div
      class="footer-bottom"
    >
      <span>
        © 2012 – 2026 Ryan R. Campbell
      </span>
    </div>
  </footer>
</DocumentFragment>
`;
