// Vitest Snapshot v1, https://vitest.dev/guide/snapshot.html

exports[`Reviews > Reviews default snapshot 1`] = `
<DocumentFragment>
  <div
    class="Reviews "
  >
    <div
      class="slick-slider slick-initialized"
      dir="ltr"
    >
      <button
        class="slick-arrow slick-prev"
        data-role="none"
        style="display: block;"
        type="button"
      >
         Previous
      </button>
      <div
        class="slick-list"
      >
        <div
          class="slick-track"
          style="opacity: 1; transform: translate3d(0px, 0px, 0px);"
        >
          <div
            aria-hidden="true"
            class="slick-slide slick-cloned"
            data-index="-1"
            style="width: 0px;"
            tabindex="-1"
          >
            <div>
              <div
                class="review-container"
                style="width: 100%; display: inline-block;"
                tabindex="-1"
              >
                <svg
                  class="quotes-svg"
                  viewBox="0 0 24 24"
                  xmlns="http://www.w3.org/2000/svg"
                >
                  <g>
                    <path
                      d="M0 0h24v24H0z"
                      fill="none"
                    />
                    <path
                      d="M4.583 17.321C3.553 16.227 3 15 3 13.011c0-3.5 2.457-6.637 6.03-8.188l.893 1.378c-3.335 1.804-3.987 4.145-4.247 5.621.537-.278 1.24-.375 1.929-.311 1.804.167 3.226 1.648 3.226 3.489a3.5 3.5 0 0 1-3.5 3.5c-1.073 0-2.099-.49-2.748-1.179zm10 0C13.553 16.227 13 15 13 13.011c0-3.5 2.457-6.637 6.03-8.188l.893 1.378c-3.335 1.804-3.987 4.145-4.247 5.621.537-.278 1.24-.375 1.929-.311 1.804.167 3.226 1.648 3.226 3.489a3.5 3.5 0 0 1-3.5 3.5c-1.073 0-2.099-.49-2.748-1.179z"
                    />
                  </g>
                </svg>
                <h3
                  class="quote-contents"
                >
                  I am hopeful [for] a long-running series... there is so much more to the story than we can even imagine...
                </h3>
                <p>
                  - Jennly Reads, independent book reviewer
                </p>
                <p>
                  on 
                  <i>
                    Mourning Dove
                  </i>
                </p>
              </div>
            </div>
          </div>
          <div
            aria-hidden="false"
            class="slick-slide slick-active slick-current"
            data-index="0"
            style="outline: none; width: 0px;"
            tabindex="-1"
          >
            <div>
              <div
                class="review-container"
                style="width: 100%; display: inline-block;"
                tabindex="-1"
              >
                <svg
                  class="quotes-svg"
                  viewBox="0 0 24 24"
                  xmlns="http://www.w3.org/2000/svg"
                >
                  <g>
                    <path
                      d="M0 0h24v24H0z"
                      fill="none"
                    />
                    <path
                      d="M4.583 17.321C3.553 16.227 3 15 3 13.011c0-3.5 2.457-6.637 6.03-8.188l.893 1.378c-3.335 1.804-3.987 4.145-4.247 5.621.537-.278 1.24-.375 1.929-.311 1.804.167 3.226 1.648 3.226 3.489a3.5 3.5 0 0 1-3.5 3.5c-1.073 0-2.099-.49-2.748-1.179zm10 0C13.553 16.227 13 15 13 13.011c0-3.5 2.457-6.637 6.03-8.188l.893 1.378c-3.335 1.804-3.987 4.145-4.247 5.621.537-.278 1.24-.375 1.929-.311 1.804.167 3.226 1.648 3.226 3.489a3.5 3.5 0 0 1-3.5 3.5c-1.073 0-2.099-.49-2.748-1.179z"
                    />
                  </g>
                </svg>
                <h3
                  class="quote-contents"
                >
                  [Scambait is] laugh-out-loud funny. My highest recommendation.
                </h3>
                <p>
                  - Robb Grindstaff, award-winning author
                </p>
                <p>
                  on 
                  <i>
                    Scambait
                  </i>
                </p>
              </div>
            </div>
          </div>
          <div
            aria-hidden="true"
            class="slick-slide"
            data-index="1"
            style="outline: none; width: 0px;"
            tabindex="-1"
          >
            <div>
              <div
                class="review-container"
                style="width: 100%; display: inline-block;"
                tabindex="-1"
              >
                <svg
                  class="quotes-svg"
                  viewBox="0 0 24 24"
                  xmlns="http://www.w3.org/2000/svg"
                >
                  <g>
                    <path
                      d="M0 0h24v24H0z"
                      fill="none"
                    />
                    <path
                      d="M4.583 17.321C3.553 16.227 3 15 3 13.011c0-3.5 2.457-6.637 6.03-8.188l.893 1.378c-3.335 1.804-3.987 4.145-4.247 5.621.537-.278 1.24-.375 1.929-.311 1.804.167 3.226 1.648 3.226 3.489a3.5 3.5 0 0 1-3.5 3.5c-1.073 0-2.099-.49-2.748-1.179zm10 0C13.553 16.227 13 15 13 13.011c0-3.5 2.457-6.637 6.03-8.188l.893 1.378c-3.335 1.804-3.987 4.145-4.247 5.621.537-.278 1.24-.375 1.929-.311 1.804.167 3.226 1.648 3.226 3.489a3.5 3.5 0 0 1-3.5 3.5c-1.073 0-2.099-.49-2.748-1.179z"
                    />
                  </g>
                </svg>
                <h3
                  class="quote-contents"
                >
                  To say so much with so few words is a gift.
                </h3>
                <p>
                  - Gregory Lee Renz, author of Beneath the Flames
                </p>
                <p>
                  on 
                  <i>
                    And Ampersand
                  </i>
                </p>
              </div>
            </div>
          </div>
          <div
            aria-hidden="true"
            class="slick-slide"
            data-index="2"
            style="outline: none; width: 0px;"
            tabindex="-1"
          >
            <div>
              <div
                class="review-container"
                style="width: 100%; display: inline-block;"
                tabindex="-1"
              >
                <svg
                  class="quotes-svg"
                  viewBox="0 0 24 24"
                  xmlns="http://www.w3.org/2000/svg"
                >
                  <g>
                    <path
                      d="M0 0h24v24H0z"
                      fill="none"
                    />
                    <path
                      d="M4.583 17.321C3.553 16.227 3 15 3 13.011c0-3.5 2.457-6.637 6.03-8.188l.893 1.378c-3.335 1.804-3.987 4.145-4.247 5.621.537-.278 1.24-.375 1.929-.311 1.804.167 3.226 1.648 3.226 3.489a3.5 3.5 0 0 1-3.5 3.5c-1.073 0-2.099-.49-2.748-1.179zm10 0C13.553 16.227 13 15 13 13.011c0-3.5 2.457-6.637 6.03-8.188l.893 1.378c-3.335 1.804-3.987 4.145-4.247 5.621.537-.278 1.24-.375 1.929-.311 1.804.167 3.226 1.648 3.226 3.489a3.5 3.5 0 0 1-3.5 3.5c-1.073 0-2.099-.49-2.748-1.179z"
                    />
                  </g>
                </svg>
                <h3
                  class="quote-contents"
                >
                  An incisive techno-thriller that gets more tense with every page...
                </h3>
                <p>
                  - Matt Forbeck, New York Times bestselling author
                </p>
                <p>
                  on 
                  <i>
                    Imminent Dawn
                  </i>
                </p>
              </div>
            </div>
          </div>
          <div
            aria-hidden="true"
            class="slick-slide"
            data-index="3"
            style="outline: none; width: 0px;"
            tabindex="-1"
          >
            <div>
              <div
                class="review-container"
                style="width: 100%; display: inline-block;"
                tabindex="-1"
              >
                <svg
                  class="quotes-svg"
                  viewBox="0 0 24 24"
                  xmlns="http://www.w3.org/2000/svg"
                >
                  <g>
                    <path
                      d="M0 0h24v24H0z"
                      fill="none"
                    />
                    <path
                      d="M4.583 17.321C3.553 16.227 3 15 3 13.011c0-3.5 2.457-6.637 6.03-8.188l.893 1.378c-3.335 1.804-3.987 4.145-4.247 5.621.537-.278 1.24-.375 1.929-.311 1.804.167 3.226 1.648 3.226 3.489a3.5 3.5 0 0 1-3.5 3.5c-1.073 0-2.099-.49-2.748-1.179zm10 0C13.553 16.227 13 15 13 13.011c0-3.5 2.457-6.637 6.03-8.188l.893 1.378c-3.335 1.804-3.987 4.145-4.247 5.621.537-.278 1.24-.375 1.929-.311 1.804.167 3.226 1.648 3.226 3.489a3.5 3.5 0 0 1-3.5 3.5c-1.073 0-2.099-.49-2.748-1.179z"
                    />
                  </g>
                </svg>
                <h3
                  class="quote-contents"
                >
                  It's not often I rate the second book in a series higher than the first, but I did for Mourning Dove.
                </h3>
                <p>
                  - JL Henker, author
                </p>
                <p>
                  on 
                  <i>
                    Mourning Dove
                  </i>
                </p>
              </div>
            </div>
          </div>
          <div
            aria-hidden="true"
            class="slick-slide"
            data-index="4"
            style="outline: none; width: 0px;"
            tabindex="-1"
          >
            <div>
              <div
                class="review-container"
                style="width: 100%; display: inline-block;"
                tabindex="-1"
              >
                <svg
                  class="quotes-svg"
                  viewBox="0 0 24 24"
                  xmlns="http://www.w3.org/2000/svg"
                >
                  <g>
                    <path
                      d="M0 0h24v24H0z"
                      fill="none"
                    />
                    <path
                      d="M4.583 17.321C3.553 16.227 3 15 3 13.011c0-3.5 2.457-6.637 6.03-8.188l.893 1.378c-3.335 1.804-3.987 4.145-4.247 5.621.537-.278 1.24-.375 1.929-.311 1.804.167 3.226 1.648 3.226 3.489a3.5 3.5 0 0 1-3.5 3.5c-1.073 0-2.099-.49-2.748-1.179zm10 0C13.553 16.227 13 15 13 13.011c0-3.5 2.457-6.637 6.03-8.188l.893 1.378c-3.335 1.804-3.987 4.145-4.247 5.621.537-.278 1.24-.375 1.929-.311 1.804.167 3.226 1.648 3.226 3.489a3.5 3.5 0 0 1-3.5 3.5c-1.073 0-2.099-.49-2.748-1.179z"
                    />
                  </g>
                </svg>
                <h3
                  class="quote-contents"
                >
                  Astounding... a modern Holden Caulfield takes readers on a twisting, humorous and poignant ride.
                </h3>
                <p>
                  - Christine DeSmet, award-winning author
                </p>
                <p>
                  on 
                  <i>
                    Scambait
                  </i>
                </p>
              </div>
            </div>
          </div>
          <div
            aria-hidden="true"
            class="slick-slide"
            data-index="5"
            style="outline: none; width: 0px;"
            tabindex="-1"
          >
            <div>
              <div
                class="review-container"
                style="width: 100%; display: inline-block;"
                tabindex="-1"
              >
                <svg
                  class="quotes-svg"
                  viewBox="0 0 24 24"
                  xmlns="http://www.w3.org/2000/svg"
                >
                  <g>
                    <path
                      d="M0 0h24v24H0z"
                      fill="none"
                    />
                    <path
                      d="M4.583 17.321C3.553 16.227 3 15 3 13.011c0-3.5 2.457-6.637 6.03-8.188l.893 1.378c-3.335 1.804-3.987 4.145-4.247 5.621.537-.278 1.24-.375 1.929-.311 1.804.167 3.226 1.648 3.226 3.489a3.5 3.5 0 0 1-3.5 3.5c-1.073 0-2.099-.49-2.748-1.179zm10 0C13.553 16.227 13 15 13 13.011c0-3.5 2.457-6.637 6.03-8.188l.893 1.378c-3.335 1.804-3.987 4.145-4.247 5.621.537-.278 1.24-.375 1.929-.311 1.804.167 3.226 1.648 3.226 3.489a3.5 3.5 0 0 1-3.5 3.5c-1.073 0-2.099-.49-2.748-1.179z"
                    />
                  </g>
                </svg>
                <h3
                  class="quote-contents"
                >
                  Haunting... a visceral tapestry that explores grief, loss, and rebirth.
                </h3>
                <p>
                  - Russell Ricard, author of The Truth About Goodbye
                </p>
                <p>
                  on 
                  <i>
                    And Ampersand
                  </i>
                </p>
              </div>
            </div>
          </div>
          <div
            aria-hidden="true"
            class="slick-slide"
            data-index="6"
            style="outline: none; width: 0px;"
            tabindex="-1"
          >
            <div>
              <div
                class="review-container"
                style="width: 100%; display: inline-block;"
                tabindex="-1"
              >
                <svg
                  class="quotes-svg"
                  viewBox="0 0 24 24"
                  xmlns="http://www.w3.org/2000/svg"
                >
                  <g>
                    <path
                      d="M0 0h24v24H0z"
                      fill="none"
                    />
                    <path
                      d="M4.583 17.321C3.553 16.227 3 15 3 13.011c0-3.5 2.457-6.637 6.03-8.188l.893 1.378c-3.335 1.804-3.987 4.145-4.247 5.621.537-.278 1.24-.375 1.929-.311 1.804.167 3.226 1.648 3.226 3.489a3.5 3.5 0 0 1-3.5 3.5c-1.073 0-2.099-.49-2.748-1.179zm10 0C13.553 16.227 13 15 13 13.011c0-3.5 2.457-6.637 6.03-8.188l.893 1.378c-3.335 1.804-3.987 4.145-4.247 5.621.537-.278 1.24-.375 1.929-.311 1.804.167 3.226 1.648 3.226 3.489a3.5 3.5 0 0 1-3.5 3.5c-1.073 0-2.099-.49-2.748-1.179z"
                    />
                  </g>
                </svg>
                <h3
                  class="quote-contents"
                >
                  Scambait has a humorous and idiosyncratic tone in all the right places.
                </h3>
                <p>
                  - Readers' Favorite 5-Star Review
                </p>
                <p>
                  on 
                  <i>
                    Scambait
                  </i>
                </p>
              </div>
            </div>
          </div>
          <div
            aria-hidden="true"
            class="slick-slide"
            data-index="7"
            style="outline: none; width: 0px;"
            tabindex="-1"
          >
            <div>
              <div
                class="review-container"
                style="width: 100%; display: inline-block;"
                tabindex="-1"
              >
                <svg
                  class="quotes-svg"
                  viewBox="0 0 24 24"
                  xmlns="http://www.w3.org/2000/svg"
                >
                  <g>
                    <path
                      d="M0 0h24v24H0z"
                      fill="none"
                    />
                    <path
                      d="M4.583 17.321C3.553 16.227 3 15 3 13.011c0-3.5 2.457-6.637 6.03-8.188l.893 1.378c-3.335 1.804-3.987 4.145-4.247 5.621.537-.278 1.24-.375 1.929-.311 1.804.167 3.226 1.648 3.226 3.489a3.5 3.5 0 0 1-3.5 3.5c-1.073 0-2.099-.49-2.748-1.179zm10 0C13.553 16.227 13 15 13 13.011c0-3.5 2.457-6.637 6.03-8.188l.893 1.378c-3.335 1.804-3.987 4.145-4.247 5.621.537-.278 1.24-.375 1.929-.311 1.804.167 3.226 1.648 3.226 3.489a3.5 3.5 0 0 1-3.5 3.5c-1.073 0-2.099-.49-2.748-1.179z"
                    />
                  </g>
                </svg>
                <h3
                  class="quote-contents"
                >
                  My mind is blown... wonderfully twisted...
                </h3>
                <p>
                  - Joc, a Goodreads reviewer
                </p>
                <p>
                  on 
                  <i>
                    Imminent Dawn
                  </i>
                </p>
              </div>
            </div>
          </div>
          <div
            aria-hidden="true"
            class="slick-slide"
            data-index="8"
            style="outline: none; width: 0px;"
            tabindex="-1"
          >
            <div>
              <div
                class="review-container"
                style="width: 100%; display: inline-block;"
                tabindex="-1"
              >
                <svg
                  class="quotes-svg"
                  viewBox="0 0 24 24"
                  xmlns="http://www.w3.org/2000/svg"
                >
                  <g>
                    <path
                      d="M0 0h24v24H0z"
                      fill="none"
                    />
                    <path
                      d="M4.583 17.321C3.553 16.227 3 15 3 13.011c0-3.5 2.457-6.637 6.03-8.188l.893 1.378c-3.335 1.804-3.987 4.145-4.247 5.621.537-.278 1.24-.375 1.929-.311 1.804.167 3.226 1.648 3.226 3.489a3.5 3.5 0 0 1-3.5 3.5c-1.073 0-2.099-.49-2.748-1.179zm10 0C13.553 16.227 13 15 13 13.011c0-3.5 2.457-6.637 6.03-8.188l.893 1.378c-3.335 1.804-3.987 4.145-4.247 5.621.537-.278 1.24-.375 1.929-.311 1.804.167 3.226 1.648 3.226 3.489a3.5 3.5 0 0 1-3.5 3.5c-1.073 0-2.099-.49-2.748-1.179z"
                    />
                  </g>
                </svg>
                <h3
                  class="quote-contents"
                >
                  The amount [And Ampersand] packs into a limited number of pages is really phenomenal.
                </h3>
                <p>
                  - M.A. Hinkle, author of the Cherrywood Grove series
                </p>
                <p>
                  on 
                  <i>
                    And Ampersand
                  </i>
                </p>
              </div>
            </div>
          </div>
          <div
            aria-hidden="true"
            class="slick-slide"
            data-index="9"
            style="outline: none; width: 0px;"
            tabindex="-1"
          >
            <div>
              <div
                class="review-container"
                style="width: 100%; display: inline-block;"
                tabindex="-1"
              >
                <svg
                  class="quotes-svg"
                  viewBox="0 0 24 24"
                  xmlns="http://www.w3.org/2000/svg"
                >
                  <g>
                    <path
                      d="M0 0h24v24H0z"
                      fill="none"
                    />
                    <path
                      d="M4.583 17.321C3.553 16.227 3 15 3 13.011c0-3.5 2.457-6.637 6.03-8.188l.893 1.378c-3.335 1.804-3.987 4.145-4.247 5.621.537-.278 1.24-.375 1.929-.311 1.804.167 3.226 1.648 3.226 3.489a3.5 3.5 0 0 1-3.5 3.5c-1.073 0-2.099-.49-2.748-1.179zm10 0C13.553 16.227 13 15 13 13.011c0-3.5 2.457-6.637 6.03-8.188l.893 1.378c-3.335 1.804-3.987 4.145-4.247 5.621.537-.278 1.24-.375 1.929-.311 1.804.167 3.226 1.648 3.226 3.489a3.5 3.5 0 0 1-3.5 3.5c-1.073 0-2.099-.49-2.748-1.179z"
                    />
                  </g>
                </svg>
                <h3
                  class="quote-contents"
                >
                  Written to turn pages. The plot only thickens.
                </h3>
                <p>
                  - Susanne K., FloralCars Book Blog
                </p>
                <p>
                  on 
                  <i>
                    Imminent Dawn
                  </i>
                </p>
              </div>
            </div>
          </div>
          <div
            aria-hidden="true"
            class="slick-slide"
            data-index="10"
            style="outline: none; width: 0px;"
            tabindex="-1"
          >
            <div>
              <div
                class="review-container"
                style="width: 100%; display: inline-block;"
                tabindex="-1"
              >
                <svg
                  class="quotes-svg"
                  viewBox="0 0 24 24"
                  xmlns="http://www.w3.org/2000/svg"
                >
                  <g>
                    <path
                      d="M0 0h24v24H0z"
                      fill="none"
                    />
                    <path
                      d="M4.583 17.321C3.553 16.227 3 15 3 13.011c0-3.5 2.457-6.637 6.03-8.188l.893 1.378c-3.335 1.804-3.987 4.145-4.247 5.621.537-.278 1.24-.375 1.929-.311 1.804.167 3.226 1.648 3.226 3.489a3.5 3.5 0 0 1-3.5 3.5c-1.073 0-2.099-.49-2.748-1.179zm10 0C13.553 16.227 13 15 13 13.011c0-3.5 2.457-6.637 6.03-8.188l.893 1.378c-3.335 1.804-3.987 4.145-4.247 5.621.537-.278 1.24-.375 1.929-.311 1.804.167 3.226 1.648 3.226 3.489a3.5 3.5 0 0 1-3.5 3.5c-1.073 0-2.099-.49-2.748-1.179z"
                    />
                  </g>
                </svg>
                <h3
                  class="quote-contents"
                >
                  ... wildly hilarious the entire way.
                </h3>
                <p>
                  - Jaime Dill, author of I Remember Us
                </p>
                <p>
                  on 
                  <i>
                    Scambait
                  </i>
                </p>
              </div>
            </div>
          </div>
          <div
            aria-hidden="true"
            class="slick-slide"
            data-index="11"
            style="outline: none; width: 0px;"
            tabindex="-1"
          >
            <div>
              <div
                class="review-container"
                style="width: 100%; display: inline-block;"
                tabindex="-1"
              >
                <svg
                  class="quotes-svg"
                  viewBox="0 0 24 24"
                  xmlns="http://www.w3.org/2000/svg"
                >
                  <g>
                    <path
                      d="M0 0h24v24H0z"
                      fill="none"
                    />
                    <path
                      d="M4.583 17.321C3.553 16.227 3 15 3 13.011c0-3.5 2.457-6.637 6.03-8.188l.893 1.378c-3.335 1.804-3.987 4.145-4.247 5.621.537-.278 1.24-.375 1.929-.311 1.804.167 3.226 1.648 3.226 3.489a3.5 3.5 0 0 1-3.5 3.5c-1.073 0-2.099-.49-2.748-1.179zm10 0C13.553 16.227 13 15 13 13.011c0-3.5 2.457-6.637 6.03-8.188l.893 1.378c-3.335 1.804-3.987 4.145-4.247 5.621.537-.278 1.24-.375 1.929-.311 1.804.167 3.226 1.648 3.226 3.489a3.5 3.5 0 0 1-3.5 3.5c-1.073 0-2.099-.49-2.748-1.179z"
                    />
                  </g>
                </svg>
                <h3
                  class="quote-contents"
                >
                  I can't wait to get my hands on the next book of the series.
                </h3>
                <p>
                  - Susanne K., FloralCars Book Blog
                </p>
                <p>
                  on 
                  <i>
                    Mourning Dove
                  </i>
                </p>
              </div>
            </div>
          </div>
          <div
            aria-hidden="true"
            class="slick-slide"
            data-index="12"
            style="outline: none; width: 0px;"
            tabindex="-1"
          >
            <div>
              <div
                class="review-container"
                style="width: 100%; display: inline-block;"
                tabindex="-1"
              >
                <svg
                  class="quotes-svg"
                  viewBox="0 0 24 24"
                  xmlns="http://www.w3.org/2000/svg"
                >
                  <g>
                    <path
                      d="M0 0h24v24H0z"
                      fill="none"
                    />
                    <path
                      d="M4.583 17.321C3.553 16.227 3 15 3 13.011c0-3.5 2.457-6.637 6.03-8.188l.893 1.378c-3.335 1.804-3.987 4.145-4.247 5.621.537-.278 1.24-.375 1.929-.311 1.804.167 3.226 1.648 3.226 3.489a3.5 3.5 0 0 1-3.5 3.5c-1.073 0-2.099-.49-2.748-1.179zm10 0C13.553 16.227 13 15 13 13.011c0-3.5 2.457-6.637 6.03-8.188l.893 1.378c-3.335 1.804-3.987 4.145-4.247 5.621.537-.278 1.24-.375 1.929-.311 1.804.167 3.226 1.648 3.226 3.489a3.5 3.5 0 0 1-3.5 3.5c-1.073 0-2.099-.49-2.748-1.179z"
                    />
                  </g>
                </svg>
                <h3
                  class="quote-contents"
                >
                  I really hope Campbell writes more books like this. Highly recommended...
                </h3>
                <p>
                  - Lydia Presley, Goodreads reviewer
                </p>
                <p>
                  on 
                  <i>
                    Scambait
                  </i>
                </p>
              </div>
            </div>
          </div>
          <div
            aria-hidden="true"
            class="slick-slide"
            data-index="13"
            style="outline: none; width: 0px;"
            tabindex="-1"
          >
            <div>
              <div
                class="review-container"
                style="width: 100%; display: inline-block;"
                tabindex="-1"
              >
                <svg
                  class="quotes-svg"
                  viewBox="0 0 24 24"
                  xmlns="http://www.w3.org/2000/svg"
                >
                  <g>
                    <path
                      d="M0 0h24v24H0z"
                      fill="none"
                    />
                    <path
                      d="M4.583 17.321C3.553 16.227 3 15 3 13.011c0-3.5 2.457-6.637 6.03-8.188l.893 1.378c-3.335 1.804-3.987 4.145-4.247 5.621.537-.278 1.24-.375 1.929-.311 1.804.167 3.226 1.648 3.226 3.489a3.5 3.5 0 0 1-3.5 3.5c-1.073 0-2.099-.49-2.748-1.179zm10 0C13.553 16.227 13 15 13 13.011c0-3.5 2.457-6.637 6.03-8.188l.893 1.378c-3.335 1.804-3.987 4.145-4.247 5.621.537-.278 1.24-.375 1.929-.311 1.804.167 3.226 1.648 3.226 3.489a3.5 3.5 0 0 1-3.5 3.5c-1.073 0-2.099-.49-2.748-1.179z"
                    />
                  </g>
                </svg>
                <h3
                  class="quote-contents"
                >
                  [Imminent Dawn is] a rollercoaster of intrigue, suspense, and gorgeously crafted wonder.
                </h3>
                <p>
                  - author Evie Drae
                </p>
                <p>
                  on 
                  <i>
                    Imminent Dawn
                  </i>
                </p>
              </div>
            </div>
          </div>
          <div
            aria-hidden="true"
            class="slick-slide"
            data-index="14"
            style="outline: none; width: 0px;"
            tabindex="-1"
          >
            <div>
              <div
                class="review-container"
                style="width: 100%; display: inline-block;"
                tabindex="-1"
              >
                <svg
                  class="quotes-svg"
                  viewBox="0 0 24 24"
                  xmlns="http://www.w3.org/2000/svg"
                >
                  <g>
                    <path
                      d="M0 0h24v24H0z"
                      fill="none"
                    />
                    <path
                      d="M4.583 17.321C3.553 16.227 3 15 3 13.011c0-3.5 2.457-6.637 6.03-8.188l.893 1.378c-3.335 1.804-3.987 4.145-4.247 5.621.537-.278 1.24-.375 1.929-.311 1.804.167 3.226 1.648 3.226 3.489a3.5 3.5 0 0 1-3.5 3.5c-1.073 0-2.099-.49-2.748-1.179zm10 0C13.553 16.227 13 15 13 13.011c0-3.5 2.457-6.637 6.03-8.188l.893 1.378c-3.335 1.804-3.987 4.145-4.247 5.621.537-.278 1.24-.375 1.929-.311 1.804.167 3.226 1.648 3.226 3.489a3.5 3.5 0 0 1-3.5 3.5c-1.073 0-2.099-.49-2.748-1.179z"
                    />
                  </g>
                </svg>
                <h3
                  class="quote-contents"
                >
                  Mourning Dove was an incredible second installment of the EMPATHY Series... I absolutely can't wait for the next volume!
                </h3>
                <p>
                  - L.A. Wasielewski, author of The Alchemist Trilogy
                </p>
                <p>
                  on 
                  <i>
                    Mourning Dove
                  </i>
                </p>
              </div>
            </div>
          </div>
          <div
            aria-hidden="true"
            class="slick-slide"
            data-index="15"
            style="outline: none; width: 0px;"
            tabindex="-1"
          >
            <div>
              <div
                class="review-container"
                style="width: 100%; display: inline-block;"
                tabindex="-1"
              >
                <svg
                  class="quotes-svg"
                  viewBox="0 0 24 24"
                  xmlns="http://www.w3.org/2000/svg"
                >
                  <g>
                    <path
                      d="M0 0h24v24H0z"
                      fill="none"
                    />
                    <path
                      d="M4.583 17.321C3.553 16.227 3 15 3 13.011c0-3.5 2.457-6.637 6.03-8.188l.893 1.378c-3.335 1.804-3.987 4.145-4.247 5.621.537-.278 1.24-.375 1.929-.311 1.804.167 3.226 1.648 3.226 3.489a3.5 3.5 0 0 1-3.5 3.5c-1.073 0-2.099-.49-2.748-1.179zm10 0C13.553 16.227 13 15 13 13.011c0-3.5 2.457-6.637 6.03-8.188l.893 1.378c-3.335 1.804-3.987 4.145-4.247 5.621.537-.278 1.24-.375 1.929-.311 1.804.167 3.226 1.648 3.226 3.489a3.5 3.5 0 0 1-3.5 3.5c-1.073 0-2.099-.49-2.748-1.179z"
                    />
                  </g>
                </svg>
                <h3
                  class="quote-contents"
                >
                  Campbell is a master storyteller... a breath of fresh air.
                </h3>
                <p>
                  - author Jeremy Martin
                </p>
              </div>
            </div>
          </div>
          <div
            aria-hidden="true"
            class="slick-slide"
            data-index="16"
            style="outline: none; width: 0px;"
            tabindex="-1"
          >
            <div>
              <div
                class="review-container"
                style="width: 100%; display: inline-block;"
                tabindex="-1"
              >
                <svg
                  class="quotes-svg"
                  viewBox="0 0 24 24"
                  xmlns="http://www.w3.org/2000/svg"
                >
                  <g>
                    <path
                      d="M0 0h24v24H0z"
                      fill="none"
                    />
                    <path
                      d="M4.583 17.321C3.553 16.227 3 15 3 13.011c0-3.5 2.457-6.637 6.03-8.188l.893 1.378c-3.335 1.804-3.987 4.145-4.247 5.621.537-.278 1.24-.375 1.929-.311 1.804.167 3.226 1.648 3.226 3.489a3.5 3.5 0 0 1-3.5 3.5c-1.073 0-2.099-.49-2.748-1.179zm10 0C13.553 16.227 13 15 13 13.011c0-3.5 2.457-6.637 6.03-8.188l.893 1.378c-3.335 1.804-3.987 4.145-4.247 5.621.537-.278 1.24-.375 1.929-.311 1.804.167 3.226 1.648 3.226 3.489a3.5 3.5 0 0 1-3.5 3.5c-1.073 0-2.099-.49-2.748-1.179z"
                    />
                  </g>
                </svg>
                <h3
                  class="quote-contents"
                >
                  Fast-paced and laugh-out-loud witty. I highly recommend this book.
                </h3>
                <p>
                  - Michelle Caffrey, Wisconsin Writers Association
                </p>
                <p>
                  on 
                  <i>
                    Scambait
                  </i>
                </p>
              </div>
            </div>
          </div>
          <div
            aria-hidden="true"
            class="slick-slide"
            data-index="17"
            style="outline: none; width: 0px;"
            tabindex="-1"
          >
            <div>
              <div
                class="review-container"
                style="width: 100%; display: inline-block;"
                tabindex="-1"
              >
                <svg
                  class="quotes-svg"
                  viewBox="0 0 24 24"
                  xmlns="http://www.w3.org/2000/svg"
                >
                  <g>
                    <path
                      d="M0 0h24v24H0z"
                      fill="none"
                    />
                    <path
                      d="M4.583 17.321C3.553 16.227 3 15 3 13.011c0-3.5 2.457-6.637 6.03-8.188l.893 1.378c-3.335 1.804-3.987 4.145-4.247 5.621.537-.278 1.24-.375 1.929-.311 1.804.167 3.226 1.648 3.226 3.489a3.5 3.5 0 0 1-3.5 3.5c-1.073 0-2.099-.49-2.748-1.179zm10 0C13.553 16.227 13 15 13 13.011c0-3.5 2.457-6.637 6.03-8.188l.893 1.378c-3.335 1.804-3.987 4.145-4.247 5.621.537-.278 1.24-.375 1.929-.311 1.804.167 3.226 1.648 3.226 3.489a3.5 3.5 0 0 1-3.5 3.5c-1.073 0-2.099-.49-2.748-1.179z"
                    />
                  </g>
                </svg>
                <h3
                  class="quote-contents"
                >
                  [Imminent Dawn] hooked me and reeled me in with twists aplenty... intriguing, troubling, and all too real-feeling.
                </h3>
                <p>
                  - Dan Schiro, author of Rogue Destiny and This Bloody Game
                </p>
                <p>
                  on 
                  <i>
                    Imminent Dawn
                  </i>
                </p>
              </div>
            </div>
          </div>
          <div
            aria-hidden="true"
            class="slick-slide"
            data-index="18"
            style="outline: none; width: 0px;"
            tabindex="-1"
          >
            <div>
              <div
                class="review-container"
                style="width: 100%; display: inline-block;"
                tabindex="-1"
              >
                <svg
                  class="quotes-svg"
                  viewBox="0 0 24 24"
                  xmlns="http://www.w3.org/2000/svg"
                >
                  <g>
                    <path
                      d="M0 0h24v24H0z"
                      fill="none"
                    />
                    <path
                      d="M4.583 17.321C3.553 16.227 3 15 3 13.011c0-3.5 2.457-6.637 6.03-8.188l.893 1.378c-3.335 1.804-3.987 4.145-4.247 5.621.537-.278 1.24-.375 1.929-.311 1.804.167 3.226 1.648 3.226 3.489a3.5 3.5 0 0 1-3.5 3.5c-1.073 0-2.099-.49-2.748-1.179zm10 0C13.553 16.227 13 15 13 13.011c0-3.5 2.457-6.637 6.03-8.188l.893 1.378c-3.335 1.804-3.987 4.145-4.247 5.621.537-.278 1.24-.375 1.929-.311 1.804.167 3.226 1.648 3.226 3.489a3.5 3.5 0 0 1-3.5 3.5c-1.073 0-2.099-.49-2.748-1.179z"
                    />
                  </g>
                </svg>
                <h3
                  class="quote-contents"
                >
                  Lyrical, thought-provoking, poignant, and memorable...
                </h3>
                <p>
                  - author Valerie Biel
                </p>
                <p>
                  on 
                  <i>
                    And Ampersand
                  </i>
                </p>
              </div>
            </div>
          </div>
          <div
            aria-hidden="true"
            class="slick-slide"
            data-index="19"
            style="outline: none; width: 0px;"
            tabindex="-1"
          >
            <div>
              <div
                class="review-container"
                style="width: 100%; display: inline-block;"
                tabindex="-1"
              >
                <svg
                  class="quotes-svg"
                  viewBox="0 0 24 24"
                  xmlns="http://www.w3.org/2000/svg"
                >
                  <g>
                    <path
                      d="M0 0h24v24H0z"
                      fill="none"
                    />
                    <path
                      d="M4.583 17.321C3.553 16.227 3 15 3 13.011c0-3.5 2.457-6.637 6.03-8.188l.893 1.378c-3.335 1.804-3.987 4.145-4.247 5.621.537-.278 1.24-.375 1.929-.311 1.804.167 3.226 1.648 3.226 3.489a3.5 3.5 0 0 1-3.5 3.5c-1.073 0-2.099-.49-2.748-1.179zm10 0C13.553 16.227 13 15 13 13.011c0-3.5 2.457-6.637 6.03-8.188l.893 1.378c-3.335 1.804-3.987 4.145-4.247 5.621.537-.278 1.24-.375 1.929-.311 1.804.167 3.226 1.648 3.226 3.489a3.5 3.5 0 0 1-3.5 3.5c-1.073 0-2.099-.49-2.748-1.179z"
                    />
                  </g>
                </svg>
                <h3
                  class="quote-contents"
                >
                  [And Ampersand is] filled with grace, something we all need right now - along with another volume of these types of essays from this gifted writer.
                </h3>
                <p>
                  - Laurie Scheer, co-founder, New Nature Writers
                </p>
                <p>
                  on 
                  <i>
                    And Ampersand
                  </i>
                </p>
              </div>
            </div>
          </div>
          <div
            aria-hidden="true"
            class="slick-slide"
            data-index="20"
            style="outline: none; width: 0px;"
            tabindex="-1"
          >
            <div>
              <div
                class="review-container"
                style="width: 100%; display: inline-block;"
                tabindex="-1"
              >
                <svg
                  class="quotes-svg"
                  viewBox="0 0 24 24"
                  xmlns="http://www.w3.org/2000/svg"
                >
                  <g>
                    <path
                      d="M0 0h24v24H0z"
                      fill="none"
                    />
                    <path
                      d="M4.583 17.321C3.553 16.227 3 15 3 13.011c0-3.5 2.457-6.637 6.03-8.188l.893 1.378c-3.335 1.804-3.987 4.145-4.247 5.621.537-.278 1.24-.375 1.929-.311 1.804.167 3.226 1.648 3.226 3.489a3.5 3.5 0 0 1-3.5 3.5c-1.073 0-2.099-.49-2.748-1.179zm10 0C13.553 16.227 13 15 13 13.011c0-3.5 2.457-6.637 6.03-8.188l.893 1.378c-3.335 1.804-3.987 4.145-4.247 5.621.537-.278 1.24-.375 1.929-.311 1.804.167 3.226 1.648 3.226 3.489a3.5 3.5 0 0 1-3.5 3.5c-1.073 0-2.099-.49-2.748-1.179z"
                    />
                  </g>
                </svg>
                <h3
                  class="quote-contents"
                >
                  Campbell continues to weave an intricately well-written storyline...
                </h3>
                <p>
                  - Jennly Reads, independent book reviewer
                </p>
                <p>
                  on 
                  <i>
                    Mourning Dove
                  </i>
                </p>
              </div>
            </div>
          </div>
          <div
            aria-hidden="true"
            class="slick-slide"
            data-index="21"
            style="outline: none; width: 0px;"
            tabindex="-1"
          >
            <div>
              <div
                class="review-container"
                style="width: 100%; display: inline-block;"
                tabindex="-1"
              >
                <svg
                  class="quotes-svg"
                  viewBox="0 0 24 24"
                  xmlns="http://www.w3.org/2000/svg"
                >
                  <g>
                    <path
                      d="M0 0h24v24H0z"
                      fill="none"
                    />
                    <path
                      d="M4.583 17.321C3.553 16.227 3 15 3 13.011c0-3.5 2.457-6.637 6.03-8.188l.893 1.378c-3.335 1.804-3.987 4.145-4.247 5.621.537-.278 1.24-.375 1.929-.311 1.804.167 3.226 1.648 3.226 3.489a3.5 3.5 0 0 1-3.5 3.5c-1.073 0-2.099-.49-2.748-1.179zm10 0C13.553 16.227 13 15 13 13.011c0-3.5 2.457-6.637 6.03-8.188l.893 1.378c-3.335 1.804-3.987 4.145-4.247 5.621.537-.278 1.24-.375 1.929-.311 1.804.167 3.226 1.648 3.226 3.489a3.5 3.5 0 0 1-3.5 3.5c-1.073 0-2.099-.49-2.748-1.179z"
                    />
                  </g>
                </svg>
                <h3
                  class="quote-contents"
                >
                  [And Ampersand is] reminiscent of Hemingway and de Lillo...
                </h3>
                <p>
                  - author Ivy Ngeow
                </p>
                <p>
                  on 
                  <i>
                    And Ampersand
                  </i>
                </p>
              </div>
            </div>
          </div>
          <div
            aria-hidden="true"
            class="slick-slide"
            data-index="22"
            style="outline: none; width: 0px;"
            tabindex="-1"
          >
            <div>
              <div
                class="review-container"
                style="width: 100%; display: inline-block;"
                tabindex="-1"
              >
                <svg
                  class="quotes-svg"
                  viewBox="0 0 24 24"
                  xmlns="http://www.w3.org/2000/svg"
                >
                  <g>
                    <path
                      d="M0 0h24v24H0z"
                      fill="none"
                    />
                    <path
                      d="M4.583 17.321C3.553 16.227 3 15 3 13.011c0-3.5 2.457-6.637 6.03-8.188l.893 1.378c-3.335 1.804-3.987 4.145-4.247 5.621.537-.278 1.24-.375 1.929-.311 1.804.167 3.226 1.648 3.226 3.489a3.5 3.5 0 0 1-3.5 3.5c-1.073 0-2.099-.49-2.748-1.179zm10 0C13.553 16.227 13 15 13 13.011c0-3.5 2.457-6.637 6.03-8.188l.893 1.378c-3.335 1.804-3.987 4.145-4.247 5.621.537-.278 1.24-.375 1.929-.311 1.804.167 3.226 1.648 3.226 3.489a3.5 3.5 0 0 1-3.5 3.5c-1.073 0-2.099-.49-2.748-1.179z"
                    />
                  </g>
                </svg>
                <h3
                  class="quote-contents"
                >
                  I am hopeful [for] a long-running series... there is so much more to the story than we can even imagine...
                </h3>
                <p>
                  - Jennly Reads, independent book reviewer
                </p>
                <p>
                  on 
                  <i>
                    Mourning Dove
                  </i>
                </p>
              </div>
            </div>
          </div>
          <div
            aria-hidden="true"
            class="slick-slide slick-cloned"
            data-index="23"
            style="width: 0px;"
            tabindex="-1"
          >
            <div>
              <div
                class="review-container"
                style="width: 100%; display: inline-block;"
                tabindex="-1"
              >
                <svg
                  class="quotes-svg"
                  viewBox="0 0 24 24"
                  xmlns="http://www.w3.org/2000/svg"
                >
                  <g>
                    <path
                      d="M0 0h24v24H0z"
                      fill="none"
                    />
                    <path
                      d="M4.583 17.321C3.553 16.227 3 15 3 13.011c0-3.5 2.457-6.637 6.03-8.188l.893 1.378c-3.335 1.804-3.987 4.145-4.247 5.621.537-.278 1.24-.375 1.929-.311 1.804.167 3.226 1.648 3.226 3.489a3.5 3.5 0 0 1-3.5 3.5c-1.073 0-2.099-.49-2.748-1.179zm10 0C13.553 16.227 13 15 13 13.011c0-3.5 2.457-6.637 6.03-8.188l.893 1.378c-3.335 1.804-3.987 4.145-4.247 5.621.537-.278 1.24-.375 1.929-.311 1.804.167 3.226 1.648 3.226 3.489a3.5 3.5 0 0 1-3.5 3.5c-1.073 0-2.099-.49-2.748-1.179z"
                    />
                  </g>
                </svg>
                <h3
                  class="quote-contents"
                >
                  [Scambait is] laugh-out-loud funny. My highest recommendation.
                </h3>
                <p>
                  - Robb Grindstaff, award-winning author
                </p>
                <p>
                  on 
                  <i>
                    Scambait
                  </i>
                </p>
              </div>
            </div>
          </div>
          <div
            aria-hidden="true"
            class="slick-slide slick-cloned"
            data-index="24"
            style="width: 0px;"
            tabindex="-1"
          >
            <div>
              <div
                class="review-container"
                style="width: 100%; display: inline-block;"
                tabindex="-1"
              >
                <svg
                  class="quotes-svg"
                  viewBox="0 0 24 24"
                  xmlns="http://www.w3.org/2000/svg"
                >
                  <g>
                    <path
                      d="M0 0h24v24H0z"
                      fill="none"
                    />
                    <path
                      d="M4.583 17.321C3.553 16.227 3 15 3 13.011c0-3.5 2.457-6.637 6.03-8.188l.893 1.378c-3.335 1.804-3.987 4.145-4.247 5.621.537-.278 1.24-.375 1.929-.311 1.804.167 3.226 1.648 3.226 3.489a3.5 3.5 0 0 1-3.5 3.5c-1.073 0-2.099-.49-2.748-1.179zm10 0C13.553 16.227 13 15 13 13.011c0-3.5 2.457-6.637 6.03-8.188l.893 1.378c-3.335 1.804-3.987 4.145-4.247 5.621.537-.278 1.24-.375 1.929-.311 1.804.167 3.226 1.648 3.226 3.489a3.5 3.5 0 0 1-3.5 3.5c-1.073 0-2.099-.49-2.748-1.179z"
                    />
                  </g>
                </svg>
                <h3
                  class="quote-contents"
                >
                  To say so much with so few words is a gift.
                </h3>
                <p>
                  - Gregory Lee Renz, author of Beneath the Flames
                </p>
                <p>
                  on 
                  <i>
                    And Ampersand
                  </i>
                </p>
              </div>
            </div>
          </div>
          <div
            aria-hidden="true"
            class="slick-slide slick-cloned"
            data-index="25"
            style="width: 0px;"
            tabindex="-1"
          >
            <div>
              <div
                class="review-container"
                style="width: 100%; display: inline-block;"
                tabindex="-1"
              >
                <svg
                  class="quotes-svg"
                  viewBox="0 0 24 24"
                  xmlns="http://www.w3.org/2000/svg"
                >
                  <g>
                    <path
                      d="M0 0h24v24H0z"
                      fill="none"
                    />
                    <path
                      d="M4.583 17.321C3.553 16.227 3 15 3 13.011c0-3.5 2.457-6.637 6.03-8.188l.893 1.378c-3.335 1.804-3.987 4.145-4.247 5.621.537-.278 1.24-.375 1.929-.311 1.804.167 3.226 1.648 3.226 3.489a3.5 3.5 0 0 1-3.5 3.5c-1.073 0-2.099-.49-2.748-1.179zm10 0C13.553 16.227 13 15 13 13.011c0-3.5 2.457-6.637 6.03-8.188l.893 1.378c-3.335 1.804-3.987 4.145-4.247 5.621.537-.278 1.24-.375 1.929-.311 1.804.167 3.226 1.648 3.226 3.489a3.5 3.5 0 0 1-3.5 3.5c-1.073 0-2.099-.49-2.748-1.179z"
                    />
                  </g>
                </svg>
                <h3
                  class="quote-contents"
                >
                  An incisive techno-thriller that gets more tense with every page...
                </h3>
                <p>
                  - Matt Forbeck, New York Times bestselling author
                </p>
                <p>
                  on 
                  <i>
                    Imminent Dawn
                  </i>
                </p>
              </div>
            </div>
          </div>
          <div
            aria-hidden="true"
            class="slick-slide slick-cloned"
            data-index="26"
            style="width: 0px;"
            tabindex="-1"
          >
            <div>
              <div
                class="review-container"
                style="width: 100%; display: inline-block;"
                tabindex="-1"
              >
                <svg
                  class="quotes-svg"
                  viewBox="0 0 24 24"
                  xmlns="http://www.w3.org/2000/svg"
                >
                  <g>
                    <path
                      d="M0 0h24v24H0z"
                      fill="none"
                    />
                    <path
                      d="M4.583 17.321C3.553 16.227 3 15 3 13.011c0-3.5 2.457-6.637 6.03-8.188l.893 1.378c-3.335 1.804-3.987 4.145-4.247 5.621.537-.278 1.24-.375 1.929-.311 1.804.167 3.226 1.648 3.226 3.489a3.5 3.5 0 0 1-3.5 3.5c-1.073 0-2.099-.49-2.748-1.179zm10 0C13.553 16.227 13 15 13 13.011c0-3.5 2.457-6.637 6.03-8.188l.893 1.378c-3.335 1.804-3.987 4.145-4.247 5.621.537-.278 1.24-.375 1.929-.311 1.804.167 3.226 1.648 3.226 3.489a3.5 3.5 0 0 1-3.5 3.5c-1.073 0-2.099-.49-2.748-1.179z"
                    />
                  </g>
                </svg>
                <h3
                  class="quote-contents"
                >
                  It's not often I rate the second book in a series higher than the first, but I did for Mourning Dove.
                </h3>
                <p>
                  - JL Henker, author
                </p>
                <p>
                  on 
                  <i>
                    Mourning Dove
                  </i>
                </p>
              </div>
            </div>
          </div>
          <div
            aria-hidden="true"
            class="slick-slide slick-cloned"
            data-index="27"
            style="width: 0px;"
            tabindex="-1"
          >
            <div>
              <div
                class="review-container"
                style="width: 100%; display: inline-block;"
                tabindex="-1"
              >
                <svg
                  class="quotes-svg"
                  viewBox="0 0 24 24"
                  xmlns="http://www.w3.org/2000/svg"
                >
                  <g>
                    <path
                      d="M0 0h24v24H0z"
                      fill="none"
                    />
                    <path
                      d="M4.583 17.321C3.553 16.227 3 15 3 13.011c0-3.5 2.457-6.637 6.03-8.188l.893 1.378c-3.335 1.804-3.987 4.145-4.247 5.621.537-.278 1.24-.375 1.929-.311 1.804.167 3.226 1.648 3.226 3.489a3.5 3.5 0 0 1-3.5 3.5c-1.073 0-2.099-.49-2.748-1.179zm10 0C13.553 16.227 13 15 13 13.011c0-3.5 2.457-6.637 6.03-8.188l.893 1.378c-3.335 1.804-3.987 4.145-4.247 5.621.537-.278 1.24-.375 1.929-.311 1.804.167 3.226 1.648 3.226 3.489a3.5 3.5 0 0 1-3.5 3.5c-1.073 0-2.099-.49-2.748-1.179z"
                    />
                  </g>
                </svg>
                <h3
                  class="quote-contents"
                >
                  Astounding... a modern Holden Caulfield takes readers on a twisting, humorous and poignant ride.
                </h3>
                <p>
                  - Christine DeSmet, award-winning author
                </p>
                <p>
                  on 
                  <i>
                    Scambait
                  </i>
                </p>
              </div>
            </div>
          </div>
          <div
            aria-hidden="true"
            class="slick-slide slick-cloned"
            data-index="28"
            style="width: 0px;"
            tabindex="-1"
          >
            <div>
              <div
                class="review-container"
                style="width: 100%; display: inline-block;"
                tabindex="-1"
              >
                <svg
                  class="quotes-svg"
                  viewBox="0 0 24 24"
                  xmlns="http://www.w3.org/2000/svg"
                >
                  <g>
                    <path
                      d="M0 0h24v24H0z"
                      fill="none"
                    />
                    <path
                      d="M4.583 17.321C3.553 16.227 3 15 3 13.011c0-3.5 2.457-6.637 6.03-8.188l.893 1.378c-3.335 1.804-3.987 4.145-4.247 5.621.537-.278 1.24-.375 1.929-.311 1.804.167 3.226 1.648 3.226 3.489a3.5 3.5 0 0 1-3.5 3.5c-1.073 0-2.099-.49-2.748-1.179zm10 0C13.553 16.227 13 15 13 13.011c0-3.5 2.457-6.637 6.03-8.188l.893 1.378c-3.335 1.804-3.987 4.145-4.247 5.621.537-.278 1.24-.375 1.929-.311 1.804.167 3.226 1.648 3.226 3.489a3.5 3.5 0 0 1-3.5 3.5c-1.073 0-2.099-.49-2.748-1.179z"
                    />
                  </g>
                </svg>
                <h3
                  class="quote-contents"
                >
                  Haunting... a visceral tapestry that explores grief, loss, and rebirth.
                </h3>
                <p>
                  - Russell Ricard, author of The Truth About Goodbye
                </p>
                <p>
                  on 
                  <i>
                    And Ampersand
                  </i>
                </p>
              </div>
            </div>
          </div>
          <div
            aria-hidden="true"
            class="slick-slide slick-cloned"
            data-index="29"
            style="width: 0px;"
            tabindex="-1"
          >
            <div>
              <div
                class="review-container"
                style="width: 100%; display: inline-block;"
                tabindex="-1"
              >
                <svg
                  class="quotes-svg"
                  viewBox="0 0 24 24"
                  xmlns="http://www.w3.org/2000/svg"
                >
                  <g>
                    <path
                      d="M0 0h24v24H0z"
                      fill="none"
                    />
                    <path
                      d="M4.583 17.321C3.553 16.227 3 15 3 13.011c0-3.5 2.457-6.637 6.03-8.188l.893 1.378c-3.335 1.804-3.987 4.145-4.247 5.621.537-.278 1.24-.375 1.929-.311 1.804.167 3.226 1.648 3.226 3.489a3.5 3.5 0 0 1-3.5 3.5c-1.073 0-2.099-.49-2.748-1.179zm10 0C13.553 16.227 13 15 13 13.011c0-3.5 2.457-6.637 6.03-8.188l.893 1.378c-3.335 1.804-3.987 4.145-4.247 5.621.537-.278 1.24-.375 1.929-.311 1.804.167 3.226 1.648 3.226 3.489a3.5 3.5 0 0 1-3.5 3.5c-1.073 0-2.099-.49-2.748-1.179z"
                    />
                  </g>
                </svg>
                <h3
                  class="quote-contents"
                >
                  Scambait has a humorous and idiosyncratic tone in all the right places.
                </h3>
                <p>
                  - Readers' Favorite 5-Star Review
                </p>
                <p>
                  on 
                  <i>
                    Scambait
                  </i>
                </p>
              </div>
            </div>
          </div>
          <div
            aria-hidden="true"
            class="slick-slide slick-cloned"
            data-index="30"
            style="width: 0px;"
            tabindex="-1"
          >
            <div>
              <div
                class="review-container"
                style="width: 100%; display: inline-block;"
                tabindex="-1"
              >
                <svg
                  class="quotes-svg"
                  viewBox="0 0 24 24"
                  xmlns="http://www.w3.org/2000/svg"
                >
                  <g>
                    <path
                      d="M0 0h24v24H0z"
                      fill="none"
                    />
                    <path
                      d="M4.583 17.321C3.553 16.227 3 15 3 13.011c0-3.5 2.457-6.637 6.03-8.188l.893 1.378c-3.335 1.804-3.987 4.145-4.247 5.621.537-.278 1.24-.375 1.929-.311 1.804.167 3.226 1.648 3.226 3.489a3.5 3.5 0 0 1-3.5 3.5c-1.073 0-2.099-.49-2.748-1.179zm10 0C13.553 16.227 13 15 13 13.011c0-3.5 2.457-6.637 6.03-8.188l.893 1.378c-3.335 1.804-3.987 4.145-4.247 5.621.537-.278 1.24-.375 1.929-.311 1.804.167 3.226 1.648 3.226 3.489a3.5 3.5 0 0 1-3.5 3.5c-1.073 0-2.099-.49-2.748-1.179z"
                    />
                  </g>
                </svg>
                <h3
                  class="quote-contents"
                >
                  My mind is blown... wonderfully twisted...
                </h3>
                <p>
                  - Joc, a Goodreads reviewer
                </p>
                <p>
                  on 
                  <i>
                    Imminent Dawn
                  </i>
                </p>
              </div>
            </div>
          </div>
          <div
            aria-hidden="true"
            class="slick-slide slick-cloned"
            data-index="31"
            style="width: 0px;"
            tabindex="-1"
          >
            <div>
              <div
                class="review-container"
                style="width: 100%; display: inline-block;"
                tabindex="-1"
              >
                <svg
                  class="quotes-svg"
                  viewBox="0 0 24 24"
                  xmlns="http://www.w3.org/2000/svg"
                >
                  <g>
                    <path
                      d="M0 0h24v24H0z"
                      fill="none"
                    />
                    <path
                      d="M4.583 17.321C3.553 16.227 3 15 3 13.011c0-3.5 2.457-6.637 6.03-8.188l.893 1.378c-3.335 1.804-3.987 4.145-4.247 5.621.537-.278 1.24-.375 1.929-.311 1.804.167 3.226 1.648 3.226 3.489a3.5 3.5 0 0 1-3.5 3.5c-1.073 0-2.099-.49-2.748-1.179zm10 0C13.553 16.227 13 15 13 13.011c0-3.5 2.457-6.637 6.03-8.188l.893 1.378c-3.335 1.804-3.987 4.145-4.247 5.621.537-.278 1.24-.375 1.929-.311 1.804.167 3.226 1.648 3.226 3.489a3.5 3.5 0 0 1-3.5 3.5c-1.073 0-2.099-.49-2.748-1.179z"
                    />
                  </g>
                </svg>
                <h3
                  class="quote-contents"
                >
                  The amount [And Ampersand] packs into a limited number of pages is really phenomenal.
                </h3>
                <p>
                  - M.A. Hinkle, author of the Cherrywood Grove series
                </p>
                <p>
                  on 
                  <i>
                    And Ampersand
                  </i>
                </p>
              </div>
            </div>
          </div>
          <div
            aria-hidden="true"
            class="slick-slide slick-cloned"
            data-index="32"
            style="width: 0px;"
            tabindex="-1"
          >
            <div>
              <div
                class="review-container"
                style="width: 100%; display: inline-block;"
                tabindex="-1"
              >
                <svg
                  class="quotes-svg"
                  viewBox="0 0 24 24"
                  xmlns="http://www.w3.org/2000/svg"
                >
                  <g>
                    <path
                      d="M0 0h24v24H0z"
                      fill="none"
                    />
                    <path
                      d="M4.583 17.321C3.553 16.227 3 15 3 13.011c0-3.5 2.457-6.637 6.03-8.188l.893 1.378c-3.335 1.804-3.987 4.145-4.247 5.621.537-.278 1.24-.375 1.929-.311 1.804.167 3.226 1.648 3.226 3.489a3.5 3.5 0 0 1-3.5 3.5c-1.073 0-2.099-.49-2.748-1.179zm10 0C13.553 16.227 13 15 13 13.011c0-3.5 2.457-6.637 6.03-8.188l.893 1.378c-3.335 1.804-3.987 4.145-4.247 5.621.537-.278 1.24-.375 1.929-.311 1.804.167 3.226 1.648 3.226 3.489a3.5 3.5 0 0 1-3.5 3.5c-1.073 0-2.099-.49-2.748-1.179z"
                    />
                  </g>
                </svg>
                <h3
                  class="quote-contents"
                >
                  Written to turn pages. The plot only thickens.
                </h3>
                <p>
                  - Susanne K., FloralCars Book Blog
                </p>
                <p>
                  on 
                  <i>
                    Imminent Dawn
                  </i>
                </p>
              </div>
            </div>
          </div>
          <div
            aria-hidden="true"
            class="slick-slide slick-cloned"
            data-index="33"
            style="width: 0px;"
            tabindex="-1"
          >
            <div>
              <div
                class="review-container"
                style="width: 100%; display: inline-block;"
                tabindex="-1"
              >
                <svg
                  class="quotes-svg"
                  viewBox="0 0 24 24"
                  xmlns="http://www.w3.org/2000/svg"
                >
                  <g>
                    <path
                      d="M0 0h24v24H0z"
                      fill="none"
                    />
                    <path
                      d="M4.583 17.321C3.553 16.227 3 15 3 13.011c0-3.5 2.457-6.637 6.03-8.188l.893 1.378c-3.335 1.804-3.987 4.145-4.247 5.621.537-.278 1.24-.375 1.929-.311 1.804.167 3.226 1.648 3.226 3.489a3.5 3.5 0 0 1-3.5 3.5c-1.073 0-2.099-.49-2.748-1.179zm10 0C13.553 16.227 13 15 13 13.011c0-3.5 2.457-6.637 6.03-8.188l.893 1.378c-3.335 1.804-3.987 4.145-4.247 5.621.537-.278 1.24-.375 1.929-.311 1.804.167 3.226 1.648 3.226 3.489a3.5 3.5 0 0 1-3.5 3.5c-1.073 0-2.099-.49-2.748-1.179z"
                    />
                  </g>
                </svg>
                <h3
                  class="quote-contents"
                >
                  ... wildly hilarious the entire way.
                </h3>
                <p>
                  - Jaime Dill, author of I Remember Us
                </p>
                <p>
                  on 
                  <i>
                    Scambait
                  </i>
                </p>
              </div>
            </div>
          </div>
          <div
            aria-hidden="true"
            class="slick-slide slick-cloned"
            data-index="34"
            style="width: 0px;"
            tabindex="-1"
          >
            <div>
              <div
                class="review-container"
                style="width: 100%; display: inline-block;"
                tabindex="-1"
              >
                <svg
                  class="quotes-svg"
                  viewBox="0 0 24 24"
                  xmlns="http://www.w3.org/2000/svg"
                >
                  <g>
                    <path
                      d="M0 0h24v24H0z"
                      fill="none"
                    />
                    <path
                      d="M4.583 17.321C3.553 16.227 3 15 3 13.011c0-3.5 2.457-6.637 6.03-8.188l.893 1.378c-3.335 1.804-3.987 4.145-4.247 5.621.537-.278 1.24-.375 1.929-.311 1.804.167 3.226 1.648 3.226 3.489a3.5 3.5 0 0 1-3.5 3.5c-1.073 0-2.099-.49-2.748-1.179zm10 0C13.553 16.227 13 15 13 13.011c0-3.5 2.457-6.637 6.03-8.188l.893 1.378c-3.335 1.804-3.987 4.145-4.247 5.621.537-.278 1.24-.375 1.929-.311 1.804.167 3.226 1.648 3.226 3.489a3.5 3.5 0 0 1-3.5 3.5c-1.073 0-2.099-.49-2.748-1.179z"
                    />
                  </g>
                </svg>
                <h3
                  class="quote-contents"
                >
                  I can't wait to get my hands on the next book of the series.
                </h3>
                <p>
                  - Susanne K., FloralCars Book Blog
                </p>
                <p>
                  on 
                  <i>
                    Mourning Dove
                  </i>
                </p>
              </div>
            </div>
          </div>
          <div
            aria-hidden="true"
            class="slick-slide slick-cloned"
            data-index="35"
            style="width: 0px;"
            tabindex="-1"
          >
            <div>
              <div
                class="review-container"
                style="width: 100%; display: inline-block;"
                tabindex="-1"
              >
                <svg
                  class="quotes-svg"
                  viewBox="0 0 24 24"
                  xmlns="http://www.w3.org/2000/svg"
                >
                  <g>
                    <path
                      d="M0 0h24v24H0z"
                      fill="none"
                    />
                    <path
                      d="M4.583 17.321C3.553 16.227 3 15 3 13.011c0-3.5 2.457-6.637 6.03-8.188l.893 1.378c-3.335 1.804-3.987 4.145-4.247 5.621.537-.278 1.24-.375 1.929-.311 1.804.167 3.226 1.648 3.226 3.489a3.5 3.5 0 0 1-3.5 3.5c-1.073 0-2.099-.49-2.748-1.179zm10 0C13.553 16.227 13 15 13 13.011c0-3.5 2.457-6.637 6.03-8.188l.893 1.378c-3.335 1.804-3.987 4.145-4.247 5.621.537-.278 1.24-.375 1.929-.311 1.804.167 3.226 1.648 3.226 3.489a3.5 3.5 0 0 1-3.5 3.5c-1.073 0-2.099-.49-2.748-1.179z"
                    />
                  </g>
                </svg>
                <h3
                  class="quote-contents"
                >
                  I really hope Campbell writes more books like this. Highly recommended...
                </h3>
                <p>
                  - Lydia Presley, Goodreads reviewer
                </p>
                <p>
                  on 
                  <i>
                    Scambait
                  </i>
                </p>
              </div>
            </div>
          </div>
          <div
            aria-hidden="true"
            class="slick-slide slick-cloned"
            data-index="36"
            style="width: 0px;"
            tabindex="-1"
          >
            <div>
              <div
                class="review-container"
                style="width: 100%; display: inline-block;"
                tabindex="-1"
              >
                <svg
                  class="quotes-svg"
                  viewBox="0 0 24 24"
                  xmlns="http://www.w3.org/2000/svg"
                >
                  <g>
                    <path
                      d="M0 0h24v24H0z"
                      fill="none"
                    />
                    <path
                      d="M4.583 17.321C3.553 16.227 3 15 3 13.011c0-3.5 2.457-6.637 6.03-8.188l.893 1.378c-3.335 1.804-3.987 4.145-4.247 5.621.537-.278 1.24-.375 1.929-.311 1.804.167 3.226 1.648 3.226 3.489a3.5 3.5 0 0 1-3.5 3.5c-1.073 0-2.099-.49-2.748-1.179zm10 0C13.553 16.227 13 15 13 13.011c0-3.5 2.457-6.637 6.03-8.188l.893 1.378c-3.335 1.804-3.987 4.145-4.247 5.621.537-.278 1.24-.375 1.929-.311 1.804.167 3.226 1.648 3.226 3.489a3.5 3.5 0 0 1-3.5 3.5c-1.073 0-2.099-.49-2.748-1.179z"
                    />
                  </g>
                </svg>
                <h3
                  class="quote-contents"
                >
                  [Imminent Dawn is] a rollercoaster of intrigue, suspense, and gorgeously crafted wonder.
                </h3>
                <p>
                  - author Evie Drae
                </p>
                <p>
                  on 
                  <i>
                    Imminent Dawn
                  </i>
                </p>
              </div>
            </div>
          </div>
          <div
            aria-hidden="true"
            class="slick-slide slick-cloned"
            data-index="37"
            style="width: 0px;"
            tabindex="-1"
          >
            <div>
              <div
                class="review-container"
                style="width: 100%; display: inline-block;"
                tabindex="-1"
              >
                <svg
                  class="quotes-svg"
                  viewBox="0 0 24 24"
                  xmlns="http://www.w3.org/2000/svg"
                >
                  <g>
                    <path
                      d="M0 0h24v24H0z"
                      fill="none"
                    />
                    <path
                      d="M4.583 17.321C3.553 16.227 3 15 3 13.011c0-3.5 2.457-6.637 6.03-8.188l.893 1.378c-3.335 1.804-3.987 4.145-4.247 5.621.537-.278 1.24-.375 1.929-.311 1.804.167 3.226 1.648 3.226 3.489a3.5 3.5 0 0 1-3.5 3.5c-1.073 0-2.099-.49-2.748-1.179zm10 0C13.553 16.227 13 15 13 13.011c0-3.5 2.457-6.637 6.03-8.188l.893 1.378c-3.335 1.804-3.987 4.145-4.247 5.621.537-.278 1.24-.375 1.929-.311 1.804.167 3.226 1.648 3.226 3.489a3.5 3.5 0 0 1-3.5 3.5c-1.073 0-2.099-.49-2.748-1.179z"
                    />
                  </g>
                </svg>
                <h3
                  class="quote-contents"
                >
                  Mourning Dove was an incredible second installment of the EMPATHY Series... I absolutely can't wait for the next volume!
                </h3>
                <p>
                  - L.A. Wasielewski, author of The Alchemist Trilogy
                </p>
                <p>
                  on 
                  <i>
                    Mourning Dove
                  </i>
                </p>
              </div>
            </div>
          </div>
          <div
            aria-hidden="true"
            class="slick-slide slick-cloned"
            data-index="38"
            style="width: 0px;"
            tabindex="-1"
          >
            <div>
              <div
                class="review-container"
                style="width: 100%; display: inline-block;"
                tabindex="-1"
              >
                <svg
                  class="quotes-svg"
                  viewBox="0 0 24 24"
                  xmlns="http://www.w3.org/2000/svg"
                >
                  <g>
                    <path
                      d="M0 0h24v24H0z"
                      fill="none"
                    />
                    <path
                      d="M4.583 17.321C3.553 16.227 3 15 3 13.011c0-3.5 2.457-6.637 6.03-8.188l.893 1.378c-3.335 1.804-3.987 4.145-4.247 5.621.537-.278 1.24-.375 1.929-.311 1.804.167 3.226 1.648 3.226 3.489a3.5 3.5 0 0 1-3.5 3.5c-1.073 0-2.099-.49-2.748-1.179zm10 0C13.553 16.227 13 15 13 13.011c0-3.5 2.457-6.637 6.03-8.188l.893 1.378c-3.335 1.804-3.987 4.145-4.247 5.621.537-.278 1.24-.375 1.929-.311 1.804.167 3.226 1.648 3.226 3.489a3.5 3.5 0 0 1-3.5 3.5c-1.073 0-2.099-.49-2.748-1.179z"
                    />
                  </g>
                </svg>
                <h3
                  class="quote-contents"
                >
                  Campbell is a master storyteller... a breath of fresh air.
                </h3>
                <p>
                  - author Jeremy Martin
                </p>
              </div>
            </div>
          </div>
          <div
            aria-hidden="true"
            class="slick-slide slick-cloned"
            data-index="39"
            style="width: 0px;"
            tabindex="-1"
          >
            <div>
              <div
                class="review-container"
                style="width: 100%; display: inline-block;"
                tabindex="-1"
              >
                <svg
                  class="quotes-svg"
                  viewBox="0 0 24 24"
                  xmlns="http://www.w3.org/2000/svg"
                >
                  <g>
                    <path
                      d="M0 0h24v24H0z"
                      fill="none"
                    />
                    <path
                      d="M4.583 17.321C3.553 16.227 3 15 3 13.011c0-3.5 2.457-6.637 6.03-8.188l.893 1.378c-3.335 1.804-3.987 4.145-4.247 5.621.537-.278 1.24-.375 1.929-.311 1.804.167 3.226 1.648 3.226 3.489a3.5 3.5 0 0 1-3.5 3.5c-1.073 0-2.099-.49-2.748-1.179zm10 0C13.553 16.227 13 15 13 13.011c0-3.5 2.457-6.637 6.03-8.188l.893 1.378c-3.335 1.804-3.987 4.145-4.247 5.621.537-.278 1.24-.375 1.929-.311 1.804.167 3.226 1.648 3.226 3.489a3.5 3.5 0 0 1-3.5 3.5c-1.073 0-2.099-.49-2.748-1.179z"
                    />
                  </g>
                </svg>
                <h3
                  class="quote-contents"
                >
                  Fast-paced and laugh-out-loud witty. I highly recommend this book.
                </h3>
                <p>
                  - Michelle Caffrey, Wisconsin Writers Association
                </p>
                <p>
                  on 
                  <i>
                    Scambait
                  </i>
                </p>
              </div>
            </div>
          </div>
          <div
            aria-hidden="true"
            class="slick-slide slick-cloned"
            data-index="40"
            style="width: 0px;"
            tabindex="-1"
          >
            <div>
              <div
                class="review-container"
                style="width: 100%; display: inline-block;"
                tabindex="-1"
              >
                <svg
                  class="quotes-svg"
                  viewBox="0 0 24 24"
                  xmlns="http://www.w3.org/2000/svg"
                >
                  <g>
                    <path
                      d="M0 0h24v24H0z"
                      fill="none"
                    />
                    <path
                      d="M4.583 17.321C3.553 16.227 3 15 3 13.011c0-3.5 2.457-6.637 6.03-8.188l.893 1.378c-3.335 1.804-3.987 4.145-4.247 5.621.537-.278 1.24-.375 1.929-.311 1.804.167 3.226 1.648 3.226 3.489a3.5 3.5 0 0 1-3.5 3.5c-1.073 0-2.099-.49-2.748-1.179zm10 0C13.553 16.227 13 15 13 13.011c0-3.5 2.457-6.637 6.03-8.188l.893 1.378c-3.335 1.804-3.987 4.145-4.247 5.621.537-.278 1.24-.375 1.929-.311 1.804.167 3.226 1.648 3.226 3.489a3.5 3.5 0 0 1-3.5 3.5c-1.073 0-2.099-.49-2.748-1.179z"
                    />
                  </g>
                </svg>
                <h3
                  class="quote-contents"
                >
                  [Imminent Dawn] hooked me and reeled me in with twists aplenty... intriguing, troubling, and all too real-feeling.
                </h3>
                <p>
                  - Dan Schiro, author of Rogue Destiny and This Bloody Game
                </p>
                <p>
                  on 
                  <i>
                    Imminent Dawn
                  </i>
                </p>
              </div>
            </div>
          </div>
          <div
            aria-hidden="true"
            class="slick-slide slick-cloned"
            data-index="41"
            style="width: 0px;"
            tabindex="-1"
          >
            <div>
              <div
                class="review-container"
                style="width: 100%; display: inline-block;"
                tabindex="-1"
              >
                <svg
                  class="quotes-svg"
                  viewBox="0 0 24 24"
                  xmlns="http://www.w3.org/2000/svg"
                >
                  <g>
                    <path
                      d="M0 0h24v24H0z"
                      fill="none"
                    />
                    <path
                      d="M4.583 17.321C3.553 16.227 3 15 3 13.011c0-3.5 2.457-6.637 6.03-8.188l.893 1.378c-3.335 1.804-3.987 4.145-4.247 5.621.537-.278 1.24-.375 1.929-.311 1.804.167 3.226 1.648 3.226 3.489a3.5 3.5 0 0 1-3.5 3.5c-1.073 0-2.099-.49-2.748-1.179zm10 0C13.553 16.227 13 15 13 13.011c0-3.5 2.457-6.637 6.03-8.188l.893 1.378c-3.335 1.804-3.987 4.145-4.247 5.621.537-.278 1.24-.375 1.929-.311 1.804.167 3.226 1.648 3.226 3.489a3.5 3.5 0 0 1-3.5 3.5c-1.073 0-2.099-.49-2.748-1.179z"
                    />
                  </g>
                </svg>
                <h3
                  class="quote-contents"
                >
                  Lyrical, thought-provoking, poignant, and memorable...
                </h3>
                <p>
                  - author Valerie Biel
                </p>
                <p>
                  on 
                  <i>
                    And Ampersand
                  </i>
                </p>
              </div>
            </div>
          </div>
          <div
            aria-hidden="true"
            class="slick-slide slick-cloned"
            data-index="42"
            style="width: 0px;"
            tabindex="-1"
          >
            <div>
              <div
                class="review-container"
                style="width: 100%; display: inline-block;"
                tabindex="-1"
              >
                <svg
                  class="quotes-svg"
                  viewBox="0 0 24 24"
                  xmlns="http://www.w3.org/2000/svg"
                >
                  <g>
                    <path
                      d="M0 0h24v24H0z"
                      fill="none"
                    />
                    <path
                      d="M4.583 17.321C3.553 16.227 3 15 3 13.011c0-3.5 2.457-6.637 6.03-8.188l.893 1.378c-3.335 1.804-3.987 4.145-4.247 5.621.537-.278 1.24-.375 1.929-.311 1.804.167 3.226 1.648 3.226 3.489a3.5 3.5 0 0 1-3.5 3.5c-1.073 0-2.099-.49-2.748-1.179zm10 0C13.553 16.227 13 15 13 13.011c0-3.5 2.457-6.637 6.03-8.188l.893 1.378c-3.335 1.804-3.987 4.145-4.247 5.621.537-.278 1.24-.375 1.929-.311 1.804.167 3.226 1.648 3.226 3.489a3.5 3.5 0 0 1-3.5 3.5c-1.073 0-2.099-.49-2.748-1.179z"
                    />
                  </g>
                </svg>
                <h3
                  class="quote-contents"
                >
                  [And Ampersand is] filled with grace, something we all need right now - along with another volume of these types of essays from this gifted writer.
                </h3>
                <p>
                  - Laurie Scheer, co-founder, New Nature Writers
                </p>
                <p>
                  on 
                  <i>
                    And Ampersand
                  </i>
                </p>
              </div>
            </div>
          </div>
          <div
            aria-hidden="true"
            class="slick-slide slick-cloned"
            data-index="43"
            style="width: 0px;"
            tabindex="-1"
          >
            <div>
              <div
                class="review-container"
                style="width: 100%; display: inline-block;"
                tabindex="-1"
              >
                <svg
                  class="quotes-svg"
                  viewBox="0 0 24 24"
                  xmlns="http://www.w3.org/2000/svg"
                >
                  <g>
                    <path
                      d="M0 0h24v24H0z"
                      fill="none"
                    />
                    <path
                      d="M4.583 17.321C3.553 16.227 3 15 3 13.011c0-3.5 2.457-6.637 6.03-8.188l.893 1.378c-3.335 1.804-3.987 4.145-4.247 5.621.537-.278 1.24-.375 1.929-.311 1.804.167 3.226 1.648 3.226 3.489a3.5 3.5 0 0 1-3.5 3.5c-1.073 0-2.099-.49-2.748-1.179zm10 0C13.553 16.227 13 15 13 13.011c0-3.5 2.457-6.637 6.03-8.188l.893 1.378c-3.335 1.804-3.987 4.145-4.247 5.621.537-.278 1.24-.375 1.929-.311 1.804.167 3.226 1.648 3.226 3.489a3.5 3.5 0 0 1-3.5 3.5c-1.073 0-2.099-.49-2.748-1.179z"
                    />
                  </g>
                </svg>
                <h3
                  class="quote-contents"
                >
                  Campbell continues to weave an intricately well-written storyline...
                </h3>
                <p>
                  - Jennly Reads, independent book reviewer
                </p>
                <p>
                  on 
                  <i>
                    Mourning Dove
                  </i>
                </p>
              </div>
            </div>
          </div>
          <div
            aria-hidden="true"
            class="slick-slide slick-cloned"
            data-index="44"
            style="width: 0px;"
            tabindex="-1"
          >
            <div>
              <div
                class="review-container"
                style="width: 100%; display: inline-block;"
                tabindex="-1"
              >
                <svg
                  class="quotes-svg"
                  viewBox="0 0 24 24"
                  xmlns="http://www.w3.org/2000/svg"
                >
                  <g>
                    <path
                      d="M0 0h24v24H0z"
                      fill="none"
                    />
                    <path
                      d="M4.583 17.321C3.553 16.227 3 15 3 13.011c0-3.5 2.457-6.637 6.03-8.188l.893 1.378c-3.335 1.804-3.987 4.145-4.247 5.621.537-.278 1.24-.375 1.929-.311 1.804.167 3.226 1.648 3.226 3.489a3.5 3.5 0 0 1-3.5 3.5c-1.073 0-2.099-.49-2.748-1.179zm10 0C13.553 16.227 13 15 13 13.011c0-3.5 2.457-6.637 6.03-8.188l.893 1.378c-3.335 1.804-3.987 4.145-4.247 5.621.537-.278 1.24-.375 1.929-.311 1.804.167 3.226 1.648 3.226 3.489a3.5 3.5 0 0 1-3.5 3.5c-1.073 0-2.099-.49-2.748-1.179z"
                    />
                  </g>
                </svg>
                <h3
                  class="quote-contents"
                >
                  [And Ampersand is] reminiscent of Hemingway and de Lillo...
                </h3>
                <p>
                  - author Ivy Ngeow
                </p>
                <p>
                  on 
                  <i>
                    And Ampersand
                  </i>
                </p>
              </div>
            </div>
          </div>
          <div
            aria-hidden="true"
            class="slick-slide slick-cloned"
            data-index="45"
            style="width: 0px;"
            tabindex="-1"
          >
            <div>
              <div
                class="review-container"
                style="width: 100%; display: inline-block;"
                tabindex="-1"
              >
                <svg
                  class="quotes-svg"
                  viewBox="0 0 24 24"
                  xmlns="http://www.w3.org/2000/svg"
                >
                  <g>
                    <path
                      d="M0 0h24v24H0z"
                      fill="none"
                    />
                    <path
                      d="M4.583 17.321C3.553 16.227 3 15 3 13.011c0-3.5 2.457-6.637 6.03-8.188l.893 1.378c-3.335 1.804-3.987 4.145-4.247 5.621.537-.278 1.24-.375 1.929-.311 1.804.167 3.226 1.648 3.226 3.489a3.5 3.5 0 0 1-3.5 3.5c-1.073 0-2.099-.49-2.748-1.179zm10 0C13.553 16.227 13 15 13 13.011c0-3.5 2.457-6.637 6.03-8.188l.893 1.378c-3.335 1.804-3.987 4.145-4.247 5.621.537-.278 1.24-.375 1.929-.311 1.804.167 3.226 1.648 3.226 3.489a3.5 3.5 0 0 1-3.5 3.5c-1.073 0-2.099-.49-2.748-1.179z"
                    />
                  </g>
                </svg>
                <h3
                  class="quote-contents"
                >
                  I am hopeful [for] a long-running series... there is so much more to the story than we can even imagine...
                </h3>
                <p>
                  - Jennly Reads, independent book reviewer
                </p>
                <p>
                  on 
                  <i>
                    Mourning Dove
                  </i>
                </p>
              </div>
            </div>
          </div>
        </div>
      </div>
      <button
        class="slick-arrow slick-next"
        data-role="none"
        style="display: block;"
        type="button"
      >
         Next
      </button>
    </div>
  </div>
</DocumentFragment>
`;
